Archive member included to satisfy reference by file (symbol)

D:/p-program/stm32cubeide/STM32CubeIDE_1.16.1/STM32CubeIDE/plugins/com.st.stm32cube.ide.mcu.externaltools.gnu-tools-for-stm32.12.3.rel1.win32_1.1.0.202410251130/tools/bin/../lib/gcc/arm-none-eabi/12.3.1/../../../../arm-none-eabi/lib/thumb/v7e-m+fp/hard\libc_nano.a(libc_a-exit.o)
                              D:/p-program/stm32cubeide/STM32CubeIDE_1.16.1/STM32CubeIDE/plugins/com.st.stm32cube.ide.mcu.externaltools.gnu-tools-for-stm32.12.3.rel1.win32_1.1.0.202410251130/tools/bin/../lib/gcc/arm-none-eabi/12.3.1/../../../../arm-none-eabi/lib/thumb/v7e-m+fp/hard/crt0.o (exit)
D:/p-program/stm32cubeide/STM32CubeIDE_1.16.1/STM32CubeIDE/plugins/com.st.stm32cube.ide.mcu.externaltools.gnu-tools-for-stm32.12.3.rel1.win32_1.1.0.202410251130/tools/bin/../lib/gcc/arm-none-eabi/12.3.1/../../../../arm-none-eabi/lib/thumb/v7e-m+fp/hard\libc_nano.a(libc_a-findfp.o)
                              D:/p-program/stm32cubeide/STM32CubeIDE_1.16.1/STM32CubeIDE/plugins/com.st.stm32cube.ide.mcu.externaltools.gnu-tools-for-stm32.12.3.rel1.win32_1.1.0.202410251130/tools/bin/../lib/gcc/arm-none-eabi/12.3.1/../../../../arm-none-eabi/lib/thumb/v7e-m+fp/hard\libc_nano.a(libc_a-exit.o) (__stdio_exit_handler)
D:/p-program/stm32cubeide/STM32CubeIDE_1.16.1/STM32CubeIDE/plugins/com.st.stm32cube.ide.mcu.externaltools.gnu-tools-for-stm32.12.3.rel1.win32_1.1.0.202410251130/tools/bin/../lib/gcc/arm-none-eabi/12.3.1/../../../../arm-none-eabi/lib/thumb/v7e-m+fp/hard\libc_nano.a(libc_a-fwalk.o)
                              D:/p-program/stm32cubeide/STM32CubeIDE_1.16.1/STM32CubeIDE/plugins/com.st.stm32cube.ide.mcu.externaltools.gnu-tools-for-stm32.12.3.rel1.win32_1.1.0.202410251130/tools/bin/../lib/gcc/arm-none-eabi/12.3.1/../../../../arm-none-eabi/lib/thumb/v7e-m+fp/hard\libc_nano.a(libc_a-findfp.o) (_fwalk_sglue)
D:/p-program/stm32cubeide/STM32CubeIDE_1.16.1/STM32CubeIDE/plugins/com.st.stm32cube.ide.mcu.externaltools.gnu-tools-for-stm32.12.3.rel1.win32_1.1.0.202410251130/tools/bin/../lib/gcc/arm-none-eabi/12.3.1/../../../../arm-none-eabi/lib/thumb/v7e-m+fp/hard\libc_nano.a(libc_a-stdio.o)
                              D:/p-program/stm32cubeide/STM32CubeIDE_1.16.1/STM32CubeIDE/plugins/com.st.stm32cube.ide.mcu.externaltools.gnu-tools-for-stm32.12.3.rel1.win32_1.1.0.202410251130/tools/bin/../lib/gcc/arm-none-eabi/12.3.1/../../../../arm-none-eabi/lib/thumb/v7e-m+fp/hard\libc_nano.a(libc_a-findfp.o) (__sread)
D:/p-program/stm32cubeide/STM32CubeIDE_1.16.1/STM32CubeIDE/plugins/com.st.stm32cube.ide.mcu.externaltools.gnu-tools-for-stm32.12.3.rel1.win32_1.1.0.202410251130/tools/bin/../lib/gcc/arm-none-eabi/12.3.1/../../../../arm-none-eabi/lib/thumb/v7e-m+fp/hard\libc_nano.a(libc_a-memset.o)
                              D:/p-program/stm32cubeide/STM32CubeIDE_1.16.1/STM32CubeIDE/plugins/com.st.stm32cube.ide.mcu.externaltools.gnu-tools-for-stm32.12.3.rel1.win32_1.1.0.202410251130/tools/bin/../lib/gcc/arm-none-eabi/12.3.1/../../../../arm-none-eabi/lib/thumb/v7e-m+fp/hard/crt0.o (memset)
D:/p-program/stm32cubeide/STM32CubeIDE_1.16.1/STM32CubeIDE/plugins/com.st.stm32cube.ide.mcu.externaltools.gnu-tools-for-stm32.12.3.rel1.win32_1.1.0.202410251130/tools/bin/../lib/gcc/arm-none-eabi/12.3.1/../../../../arm-none-eabi/lib/thumb/v7e-m+fp/hard\libc_nano.a(libc_a-closer.o)
                              D:/p-program/stm32cubeide/STM32CubeIDE_1.16.1/STM32CubeIDE/plugins/com.st.stm32cube.ide.mcu.externaltools.gnu-tools-for-stm32.12.3.rel1.win32_1.1.0.202410251130/tools/bin/../lib/gcc/arm-none-eabi/12.3.1/../../../../arm-none-eabi/lib/thumb/v7e-m+fp/hard\libc_nano.a(libc_a-stdio.o) (_close_r)
D:/p-program/stm32cubeide/STM32CubeIDE_1.16.1/STM32CubeIDE/plugins/com.st.stm32cube.ide.mcu.externaltools.gnu-tools-for-stm32.12.3.rel1.win32_1.1.0.202410251130/tools/bin/../lib/gcc/arm-none-eabi/12.3.1/../../../../arm-none-eabi/lib/thumb/v7e-m+fp/hard\libc_nano.a(libc_a-reent.o)
                              D:/p-program/stm32cubeide/STM32CubeIDE_1.16.1/STM32CubeIDE/plugins/com.st.stm32cube.ide.mcu.externaltools.gnu-tools-for-stm32.12.3.rel1.win32_1.1.0.202410251130/tools/bin/../lib/gcc/arm-none-eabi/12.3.1/../../../../arm-none-eabi/lib/thumb/v7e-m+fp/hard\libc_nano.a(libc_a-closer.o) (errno)
D:/p-program/stm32cubeide/STM32CubeIDE_1.16.1/STM32CubeIDE/plugins/com.st.stm32cube.ide.mcu.externaltools.gnu-tools-for-stm32.12.3.rel1.win32_1.1.0.202410251130/tools/bin/../lib/gcc/arm-none-eabi/12.3.1/../../../../arm-none-eabi/lib/thumb/v7e-m+fp/hard\libc_nano.a(libc_a-impure.o)
                              D:/p-program/stm32cubeide/STM32CubeIDE_1.16.1/STM32CubeIDE/plugins/com.st.stm32cube.ide.mcu.externaltools.gnu-tools-for-stm32.12.3.rel1.win32_1.1.0.202410251130/tools/bin/../lib/gcc/arm-none-eabi/12.3.1/../../../../arm-none-eabi/lib/thumb/v7e-m+fp/hard\libc_nano.a(libc_a-reent.o) (_impure_ptr)
[...]
Memory Configuration

Name             Origin             Length             Attributes
CCMRAM           0x10000000         0x00010000         xrw
RAM              0x20000000         0x00020000         xrw
FLASH            0x08000000         0x00080000         xr
*default*        0x00000000         0xffffffff

Linker script and memory map

LOAD D:/p-program/stm32cubeide/STM32CubeIDE_1.16.1/STM32CubeIDE/plugins/com.st.stm32cube.ide.mcu.externaltools.gnu-tools-for-stm32.12.3.rel1.win32_1.1.0.202410251130/tools/bin/../lib/gcc/arm-none-eabi/12.3.1/thumb/v7e-m+fp/hard/crti.o
LOAD D:/p-program/stm32cubeide/STM32CubeIDE_1.16.1/STM32CubeIDE/plugins/com.st.stm32cube.ide.mcu.externaltools.gnu-tools-for-stm32.12.3.rel1.win32_1.1.0.202410251130/tools/bin/../lib/gcc/arm-none-eabi/12.3.1/thumb/v7e-m+fp/hard/crtbegin.o
LOAD D:/p-program/stm32cubeide/STM32CubeIDE_1.16.1/STM32CubeIDE/plugins/com.st.stm32cube.ide.mcu.externaltools.gnu-tools-for-stm32.12.3.rel1.win32_1.1.0.202410251130/tools/bin/../lib/gcc/arm-none-eabi/12.3.1/../../../../arm-none-eabi/lib/thumb/v7e-m+fp/hard/crt0.o
LOAD ./Core/Src/main.o
LOAD ./Core/Src/stm32f4xx_hal_msp.o
LOAD ./Core/Src/stm32f4xx_it.o
LOAD ./Core/Src/syscalls.o
LOAD ./Core/Src/sysmem.o
LOAD ./Core/Src/system_stm32f4xx.o
LOAD ./Core/Startup/startup_stm32f407vetx.o
LOAD ./Drivers/STM32F4xx_HAL_Driver/Src/stm32f4xx_hal.o
LOAD ./Drivers/STM32F4xx_HAL_Driver/Src/stm32f4xx_hal_cortex.o
LOAD ./Drivers/STM32F4xx_HAL_Driver/Src/stm32f4xx_hal_dma.o
LOAD ./Drivers/STM32F4xx_HAL_Driver/Src/stm32f4xx_hal_dma_ex.o
LOAD ./Drivers/STM32F4xx_HAL_Driver/Src/stm32f4xx_hal_exti.o
LOAD ./Drivers/STM32F4xx_HAL_Driver/Src/stm32f4xx_hal_flash.o
LOAD ./Drivers/STM32F4xx_HAL_Driver/Src/stm32f4xx_hal_flash_ex.o
LOAD ./Drivers/STM32F4xx_HAL_Driver/Src/stm32f4xx_hal_flash_ramfunc.o
LOAD ./Drivers/STM32F4xx_HAL_Driver/Src/stm32f4xx_hal_gpio.o
LOAD ./Drivers/STM32F4xx_HAL_Driver/Src/stm32f4xx_hal_pwr.o
LOAD ./Drivers/STM32F4xx_HAL_Driver/Src/stm32f4xx_hal_pwr_ex.o
LOAD ./Drivers/STM32F4xx_HAL_Driver/Src/stm32f4xx_hal_rcc.o
LOAD ./Drivers/STM32F4xx_HAL_Driver/Src/stm32f4xx_hal_rcc_ex.o
LOAD ./Drivers/STM32F4xx_HAL_Driver/Src/stm32f4xx_hal_tim.o
LOAD ./Drivers/STM32F4xx_HAL_Driver/Src/stm32f4xx_hal_tim_ex.o
LOAD ./Drivers/TMC2209/softuart.o
LOAD ./Drivers/TMC2209/tmc2209_stm32.o
START GROUP
LOAD D:/p-program/stm32cubeide/STM32CubeIDE_1.16.1/STM32CubeIDE/plugins/com.st.stm32cube.ide.mcu.externaltools.gnu-tools-for-stm32.12.3.rel1.win32_1.1.0.202410251130/tools/bin/../lib/gcc/arm-none-eabi/12.3.1/../../../../arm-none-eabi/lib/thumb/v7e-m+fp/hard\libc_nano.a
LOAD D:/p-program/stm32cubeide/STM32CubeIDE_1.16.1/STM32CubeIDE/plugins/com.st.stm32cube.ide.mcu.externaltools.gnu-tools-for-stm32.12.3.rel1.win32_1.1.0.202410251130/tools/bin/../lib/gcc/arm-none-eabi/12.3.1/../../../../arm-none-eabi/lib/thumb/v7e-m+fp/hard\libm.a
END GROUP
START GROUP
LOAD D:/p-program/stm32cubeide/STM32CubeIDE_1.16.1/STM32CubeIDE/plugins/com.st.stm32cube.ide.mcu.externaltools.gnu-tools-for-stm32.12.3.rel1.win32_1.1.0.202410251130/tools/bin/../lib/gcc/arm-none-eabi/12.3.1/thumb/v7e-m+fp/hard\libgcc.a
LOAD D:/p-program/stm32cubeide/STM32CubeIDE_1.16.1/STM32CubeIDE/plugins/com.st.stm32cube.ide.mcu.externaltools.gnu-tools-for-stm32.12.3.rel1.win32_1.1.0.202410251130/tools/bin/../lib/gcc/arm-none-eabi/12.3.1/../../../../arm-none-eabi/lib/thumb/v7e-m+fp/hard\libc_nano.a
END GROUP
START GROUP
LOAD D:/p-program/stm32cubeide/STM32CubeIDE_1.16.1/STM32CubeIDE/plugins/com.st.stm32cube.ide.mcu.externaltools.gnu-tools-for-stm32.12.3.rel1.win32_1.1.0.202410251130/tools/bin/../lib/gcc/arm-none-eabi/12.3.1/thumb/v7e-m+fp/hard\libgcc.a
LOAD D:/p-program/stm32cubeide/STM32CubeIDE_1.16.1/STM32CubeIDE/plugins/com.st.stm32cube.ide.mcu.externaltools.gnu-tools-for-stm32.12.3.rel1.win32_1.1.0.202410251130/tools/bin/../lib/gcc/arm-none-eabi/12.3.1/../../../../arm-none-eabi/lib/thumb/v7e-m+fp/hard\libc_nano.a
LOAD D:/p-program/stm32cubeide/STM32CubeIDE_1.16.1/STM32CubeIDE/plugins/com.st.stm32cube.ide.mcu.externaltools.gnu-tools-for-stm32.12.3.rel1.win32_1.1.0.202410251130/tools/bin/../lib/gcc/arm-none-eabi/12.3.1/../../../../arm-none-eabi/lib/thumb/v7e-m+fp/hard\libnosys.a
END GROUP
START GROUP
LOAD D:/p-program/stm32cubeide/STM32CubeIDE_1.16.1/STM32CubeIDE/plugins/com.st.stm32cube.ide.mcu.externaltools.gnu-tools-for-stm32.12.3.rel1.win32_1.1.0.202410251130/tools/bin/../lib/gcc/arm-none-eabi/12.3.1/thumb/v7e-m+fp/hard\libgcc.a
LOAD D:/p-program/stm32cubeide/STM32CubeIDE_1.16.1/STM32CubeIDE/plugins/com.st.stm32cube.ide.mcu.externaltools.gnu-tools-for-stm32.12.3.rel1.win32_1.1.0.202410251130/tools/bin/../lib/gcc/arm-none-eabi/12.3.1/../../../../arm-none-eabi/lib/thumb/v7e-m+fp/hard\libc_nano.a
LOAD D:/p-program/stm32cubeide/STM32CubeIDE_1.16.1/STM32CubeIDE/plugins/com.st.stm32cube.ide.mcu.externaltools.gnu-tools-for-stm32.12.3.rel1.win32_1.1.0.202410251130/tools/bin/../lib/gcc/arm-none-eabi/12.3.1/../../../../arm-none-eabi/lib/thumb/v7e-m+fp/hard\libnosys.a
END GROUP
LOAD D:/p-program/stm32cubeide/STM32CubeIDE_1.16.1/STM32CubeIDE/plugins/com.st.stm32cube.ide.mcu.externaltools.gnu-tools-for-stm32.12.3.rel1.win32_1.1.0.202410251130/tools/bin/../lib/gcc/arm-none-eabi/12.3.1/thumb/v7e-m+fp/hard/crtend.o
LOAD D:/p-program/stm32cubeide/STM32CubeIDE_1.16.1/STM32CubeIDE/plugins/com.st.stm32cube.ide.mcu.externaltools.gnu-tools-for-stm32.12.3.rel1.win32_1.1.0.202410251130/tools/bin/../lib/gcc/arm-none-eabi/12.3.1/thumb/v7e-m+fp/hard/crtn.o
                0x20020000                        _estack = (ORIGIN (RAM) + LENGTH (RAM))
                0x00000200                        _Min_Heap_Size = 0x200
                0x00000400                        _Min_Stack_Size = 0x400

.isr_vector     0x08000000      0x188
                0x08000000                        . = ALIGN (0x4)
 *(.isr_vector)
 .isr_vector    0x08000000      0x188 ./Core/Startup/startup_stm32f407vetx.o
                0x08000000                g_pfnVectors
                0x08000188                        . = ALIGN (0x4)

.text           0x08000188     0x2c08
                0x08000188                        . = ALIGN (0x4)
 *(.text)
 .text          0x08000188       0x40 D:/p-program/stm32cubeide/STM32CubeIDE_1.16.1/STM32CubeIDE/plugins/com.st.stm32cube.ide.mcu.externaltools.gnu-tools-for-stm32.12.3.rel1.win32_1.1.0.202410251130/tools/bin/../lib/gcc/arm-none-eabi/12.3.1/thumb/v7e-m+fp/hard/crtbegin.o
 .text          0x080001c8       0x30 D:/p-program/stm32cubeide/STM32CubeIDE_1.16.1/STM32CubeIDE/plugins/com.st.stm32cube.ide.mcu.externaltools.gnu-tools-for-stm32.12.3.rel1.win32_1.1.0.202410251130/tools/bin/../lib/gcc/arm-none-eabi/12.3.1/thumb/v7e-m+fp/hard\libgcc.a(_aeabi_uldivmod.o)
                0x080001c8                __aeabi_uldivmod
 .text          0x080001f8      0x2bc D:/p-program/stm32cubeide/STM32CubeIDE_1.16.1/STM32CubeIDE/plugins/com.st.stm32cube.ide.mcu.externaltools.gnu-tools-for-stm32.12.3.rel1.win32_1.1.0.202410251130/tools/bin/../lib/gcc/arm-none-eabi/12.3.1/thumb/v7e-m+fp/hard\libgcc.a(_udivmoddi4.o)
                0x080001f8                __udivmoddi4
 .text          0x080004b4        0x4 D:/p-program/stm32cubeide/STM32CubeIDE_1.16.1/STM32CubeIDE/plugins/com.st.stm32cube.ide.mcu.externaltools.gnu-tools-for-stm32.12.3.rel1.win32_1.1.0.202410251130/tools/bin/../lib/gcc/arm-none-eabi/12.3.1/thumb/v7e-m+fp/hard\libgcc.a(_dvmd_tls.o)
                0x080004b4                __aeabi_idiv0
                0x080004b4                __aeabi_ldiv0
 *(.text*)
 .text.HAL_TIM_PeriodElapsedCallback
                0x080004b8       0x30 ./Core/Src/main.o
                0x080004b8                HAL_TIM_PeriodElapsedCallback
 .text.HAL_GPIO_EXTI_Callback
                0x080004e8       0x2c ./Core/Src/main.o
                0x080004e8                HAL_GPIO_EXTI_Callback
 .text.main     0x08000514       0x64 ./Core/Src/main.o
                0x08000514                main
 .text.SystemClock_Config
                0x08000578       0xd4 ./Core/Src/main.o
                0x08000578                SystemClock_Config
 .text.MX_TIM5_Init
                0x0800064c       0x98 ./Core/Src/main.o
 .text.MX_TIM6_Init
                0x080006e4       0x68 ./Core/Src/main.o
 .text.MX_GPIO_Init
                0x0800074c      0x100 ./Core/Src/main.o
 .text.Error_Handler
                0x0800084c        0xc ./Core/Src/main.o
                0x0800084c                Error_Handler
 .text.HAL_MspInit
                0x08000858       0x50 ./Core/Src/stm32f4xx_hal_msp.o
                0x08000858                HAL_MspInit
 .text.HAL_TIM_Base_MspInit
                0x080008a8       0x8c ./Core/Src/stm32f4xx_hal_msp.o
                0x080008a8                HAL_TIM_Base_MspInit
 .text.NMI_Handler
                0x08000934        0x8 ./Core/Src/stm32f4xx_it.o
                0x08000934                NMI_Handler
 .text.HardFault_Handler
                0x0800093c        0x8 ./Core/Src/stm32f4xx_it.o
                0x0800093c                HardFault_Handler
 .text.MemManage_Handler
                0x08000944        0x8 ./Core/Src/stm32f4xx_it.o
                0x08000944                MemManage_Handler
 .text.BusFault_Handler
                0x0800094c        0x8 ./Core/Src/stm32f4xx_it.o
                0x0800094c                BusFault_Handler
 .text.UsageFault_Handler
                0x08000954        0x8 ./Core/Src/stm32f4xx_it.o
                0x08000954                UsageFault_Handler
 .text.SVC_Handler
                0x0800095c        0xe ./Core/Src/stm32f4xx_it.o
                0x0800095c                SVC_Handler
 .text.DebugMon_Handler
                0x0800096a        0xe ./Core/Src/stm32f4xx_it.o
                0x0800096a                DebugMon_Handler
 .text.PendSV_Handler
                0x08000978        0xe ./Core/Src/stm32f4xx_it.o
                0x08000978                PendSV_Handler
 .text.SysTick_Handler
                0x08000986        0xc ./Core/Src/stm32f4xx_it.o
                0x08000986                SysTick_Handler
 .text.EXTI15_10_IRQHandler
                0x08000992       0x10 ./Core/Src/stm32f4xx_it.o
                0x08000992                EXTI15_10_IRQHandler
 *fill*         0x080009a2        0x2 
 .text.TIM5_IRQHandler
                0x080009a4       0x14 ./Core/Src/stm32f4xx_it.o
                0x080009a4                TIM5_IRQHandler
 .text.TIM6_DAC_IRQHandler
                0x080009b8       0x14 ./Core/Src/stm32f4xx_it.o
                0x080009b8                TIM6_DAC_IRQHandler
 .text.SystemInit
                0x080009cc       0x24 ./Core/Src/system_stm32f4xx.o
                0x080009cc                SystemInit
 .text.Reset_Handler
                0x080009f0       0x50 ./Core/Startup/startup_stm32f407vetx.o
                0x080009f0                Reset_Handler
 .text.Default_Handler
                0x08000a40        0x2 ./Core/Startup/startup_stm32f407vetx.o
                0x08000a40                RTC_Alarm_IRQHandler
                0x08000a40                HASH_RNG_IRQHandler
                0x08000a40                EXTI2_IRQHandler
                0x08000a40                TIM8_CC_IRQHandler
                0x08000a40                TIM1_CC_IRQHandler
                0x08000a40                DMA2_Stream5_IRQHandler
                0x08000a40                DMA1_Stream5_IRQHandler
                0x08000a40                PVD_IRQHandler
                0x08000a40                SDIO_IRQHandler
                0x08000a40                TAMP_STAMP_IRQHandler
                0x08000a40                CAN2_RX1_IRQHandler
                0x08000a40                EXTI3_IRQHandler
                0x08000a40                TIM8_TRG_COM_TIM14_IRQHandler
                0x08000a40                TIM1_UP_TIM10_IRQHandler
                0x08000a40                TIM8_UP_TIM13_IRQHandler
                0x08000a40                I2C3_ER_IRQHandler
                0x08000a40                EXTI0_IRQHandler
                0x08000a40                I2C2_EV_IRQHandler
                0x08000a40                DMA1_Stream2_IRQHandler
                0x08000a40                CAN1_RX0_IRQHandler
                0x08000a40                FPU_IRQHandler
                0x08000a40                OTG_HS_WKUP_IRQHandler
                0x08000a40                CAN2_SCE_IRQHandler
                0x08000a40                DMA2_Stream2_IRQHandler
                0x08000a40                SPI1_IRQHandler
                0x08000a40                TIM1_BRK_TIM9_IRQHandler
                0x08000a40                DCMI_IRQHandler
                0x08000a40                CAN2_RX0_IRQHandler
                0x08000a40                DMA2_Stream3_IRQHandler
                0x08000a40                USART6_IRQHandler
                0x08000a40                USART3_IRQHandler
                0x08000a40                CAN1_RX1_IRQHandler
                0x08000a40                UART5_IRQHandler
                0x08000a40                DMA2_Stream0_IRQHandler
                0x08000a40                TIM4_IRQHandler
                0x08000a40                I2C1_EV_IRQHandler
                0x08000a40                DMA1_Stream6_IRQHandler
                0x08000a40                DMA1_Stream1_IRQHandler
                0x08000a40                UART4_IRQHandler
                0x08000a40                TIM3_IRQHandler
                0x08000a40                RCC_IRQHandler
                0x08000a40                TIM8_BRK_TIM12_IRQHandler
                0x08000a40                Default_Handler
                0x08000a40                ADC_IRQHandler
                0x08000a40                DMA1_Stream7_IRQHandler
                0x08000a40                TIM7_IRQHandler
                0x08000a40                CAN2_TX_IRQHandler
                0x08000a40                DMA2_Stream7_IRQHandler
                0x08000a40                I2C3_EV_IRQHandler
                0x08000a40                EXTI9_5_IRQHandler
                0x08000a40                RTC_WKUP_IRQHandler
                0x08000a40                ETH_WKUP_IRQHandler
                0x08000a40                SPI2_IRQHandler
                0x08000a40                OTG_HS_EP1_IN_IRQHandler
                0x08000a40                DMA1_Stream0_IRQHandler
                0x08000a40                CAN1_TX_IRQHandler
                0x08000a40                EXTI4_IRQHandler
                0x08000a40                FSMC_IRQHandler
                0x08000a40                ETH_IRQHandler
                0x08000a40                OTG_HS_EP1_OUT_IRQHandler
                0x08000a40                WWDG_IRQHandler
                0x08000a40                TIM2_IRQHandler
                0x08000a40                OTG_FS_WKUP_IRQHandler
                0x08000a40                TIM1_TRG_COM_TIM11_IRQHandler
                0x08000a40                OTG_HS_IRQHandler
                0x08000a40                EXTI1_IRQHandler
                0x08000a40                USART2_IRQHandler
                0x08000a40                I2C2_ER_IRQHandler
                0x08000a40                DMA2_Stream1_IRQHandler
                0x08000a40                CAN1_SCE_IRQHandler
                0x08000a40                FLASH_IRQHandler
                0x08000a40                DMA2_Stream4_IRQHandler
                0x08000a40                USART1_IRQHandler
                0x08000a40                OTG_FS_IRQHandler
                0x08000a40                SPI3_IRQHandler
                0x08000a40                DMA1_Stream4_IRQHandler
                0x08000a40                I2C1_ER_IRQHandler
                0x08000a40                DMA2_Stream6_IRQHandler
                0x08000a40                DMA1_Stream3_IRQHandler
 *fill*         0x08000a42        0x2 
 .text.HAL_Init
                0x08000a44       0x44 ./Drivers/STM32F4xx_HAL_Driver/Src/stm32f4xx_hal.o
                0x08000a44                HAL_Init
 .text.HAL_InitTick
                0x08000a88       0x60 ./Drivers/STM32F4xx_HAL_Driver/Src/stm32f4xx_hal.o
                0x08000a88                HAL_InitTick
 .text.HAL_IncTick
                0x08000ae8       0x28 ./Drivers/STM32F4xx_HAL_Driver/Src/stm32f4xx_hal.o
                0x08000ae8                HAL_IncTick
 .text.HAL_GetTick
                0x08000b10       0x18 ./Drivers/STM32F4xx_HAL_Driver/Src/stm32f4xx_hal.o
                0x08000b10                HAL_GetTick
 .text.HAL_Delay
                0x08000b28       0x48 ./Drivers/STM32F4xx_HAL_Driver/Src/stm32f4xx_hal.o
                0x08000b28                HAL_Delay
 .text.__NVIC_SetPriorityGrouping
                0x08000b70       0x48 ./Drivers/STM32F4xx_HAL_Driver/Src/stm32f4xx_hal_cortex.o
 .text.__NVIC_GetPriorityGrouping
                0x08000bb8       0x1c ./Drivers/STM32F4xx_HAL_Driver/Src/stm32f4xx_hal_cortex.o
 .text.__NVIC_EnableIRQ
                0x08000bd4       0x3c ./Drivers/STM32F4xx_HAL_Driver/Src/stm32f4xx_hal_cortex.o
 .text.__NVIC_SetPriority
                0x08000c10       0x54 ./Drivers/STM32F4xx_HAL_Driver/Src/stm32f4xx_hal_cortex.o
 .text.NVIC_EncodePriority
                0x08000c64       0x66 ./Drivers/STM32F4xx_HAL_Driver/Src/stm32f4xx_hal_cortex.o
 *fill*         0x08000cca        0x2 
 .text.SysTick_Config
                0x08000ccc       0x44 ./Drivers/STM32F4xx_HAL_Driver/Src/stm32f4xx_hal_cortex.o
 .text.HAL_NVIC_SetPriorityGrouping
                0x08000d10       0x16 ./Drivers/STM32F4xx_HAL_Driver/Src/stm32f4xx_hal_cortex.o
                0x08000d10                HAL_NVIC_SetPriorityGrouping
 .text.HAL_NVIC_SetPriority
                0x08000d26       0x38 ./Drivers/STM32F4xx_HAL_Driver/Src/stm32f4xx_hal_cortex.o
                0x08000d26                HAL_NVIC_SetPriority
 .text.HAL_NVIC_EnableIRQ
                0x08000d5e       0x1c ./Drivers/STM32F4xx_HAL_Driver/Src/stm32f4xx_hal_cortex.o
                0x08000d5e                HAL_NVIC_EnableIRQ
 .text.HAL_SYSTICK_Config
                0x08000d7a       0x18 ./Drivers/STM32F4xx_HAL_Driver/Src/stm32f4xx_hal_cortex.o
                0x08000d7a                HAL_SYSTICK_Config
 *fill*         0x08000d92        0x2 
 .text.HAL_GPIO_Init
                0x08000d94      0x338 ./Drivers/STM32F4xx_HAL_Driver/Src/stm32f4xx_hal_gpio.o
                0x08000d94                HAL_GPIO_Init
 .text.HAL_GPIO_ReadPin
                0x080010cc       0x30 ./Drivers/STM32F4xx_HAL_Driver/Src/stm32f4xx_hal_gpio.o
                0x080010cc                HAL_GPIO_ReadPin
 .text.HAL_GPIO_WritePin
                0x080010fc       0x32 ./Drivers/STM32F4xx_HAL_Driver/Src/stm32f4xx_hal_gpio.o
                0x080010fc                HAL_GPIO_WritePin
 .text.HAL_GPIO_TogglePin
                0x0800112e       0x34 ./Drivers/STM32F4xx_HAL_Driver/Src/stm32f4xx_hal_gpio.o
                0x0800112e                HAL_GPIO_TogglePin
 *fill*         0x08001162        0x2 
 .text.HAL_GPIO_EXTI_IRQHandler
                0x08001164       0x30 ./Drivers/STM32F4xx_HAL_Driver/Src/stm32f4xx_hal_gpio.o
                0x08001164                HAL_GPIO_EXTI_IRQHandler
 .text.HAL_RCC_OscConfig
                0x08001194      0x4f0 ./Drivers/STM32F4xx_HAL_Driver/Src/stm32f4xx_hal_rcc.o
                0x08001194                HAL_RCC_OscConfig
 .text.HAL_RCC_ClockConfig
                0x08001684      0x1cc ./Drivers/STM32F4xx_HAL_Driver/Src/stm32f4xx_hal_rcc.o
                0x08001684                HAL_RCC_ClockConfig
 .text.HAL_RCC_GetSysClockFreq
                0x08001850      0x18c ./Drivers/STM32F4xx_HAL_Driver/Src/stm32f4xx_hal_rcc.o
                0x08001850                HAL_RCC_GetSysClockFreq
 .text.HAL_TIM_Base_Init
                0x080019dc       0x9e ./Drivers/STM32F4xx_HAL_Driver/Src/stm32f4xx_hal_tim.o
                0x080019dc                HAL_TIM_Base_Init
 *fill*         0x08001a7a        0x2 
 .text.HAL_TIM_Base_Start_IT
                0x08001a7c       0xe0 ./Drivers/STM32F4xx_HAL_Driver/Src/stm32f4xx_hal_tim.o
                0x08001a7c                HAL_TIM_Base_Start_IT
 .text.HAL_TIM_IRQHandler
                0x08001b5c      0x1e0 ./Drivers/STM32F4xx_HAL_Driver/Src/stm32f4xx_hal_tim.o
                0x08001b5c                HAL_TIM_IRQHandler
 .text.HAL_TIM_ConfigClockSource
                0x08001d3c      0x18e ./Drivers/STM32F4xx_HAL_Driver/Src/stm32f4xx_hal_tim.o
                0x08001d3c                HAL_TIM_ConfigClockSource
 .text.HAL_TIM_OC_DelayElapsedCallback
                0x08001eca       0x14 ./Drivers/STM32F4xx_HAL_Driver/Src/stm32f4xx_hal_tim.o
                0x08001eca                HAL_TIM_OC_DelayElapsedCallback
 .text.HAL_TIM_IC_CaptureCallback
                0x08001ede       0x14 ./Drivers/STM32F4xx_HAL_Driver/Src/stm32f4xx_hal_tim.o
                0x08001ede                HAL_TIM_IC_CaptureCallback
 .text.HAL_TIM_PWM_PulseFinishedCallback
                0x08001ef2       0x14 ./Drivers/STM32F4xx_HAL_Driver/Src/stm32f4xx_hal_tim.o
                0x08001ef2                HAL_TIM_PWM_PulseFinishedCallback
 .text.HAL_TIM_TriggerCallback
                0x08001f06       0x14 ./Drivers/STM32F4xx_HAL_Driver/Src/stm32f4xx_hal_tim.o
                0x08001f06                HAL_TIM_TriggerCallback
 *fill*         0x08001f1a        0x2 
 .text.TIM_Base_SetConfig
                0x08001f1c      0x158 ./Drivers/STM32F4xx_HAL_Driver/Src/stm32f4xx_hal_tim.o
                0x08001f1c                TIM_Base_SetConfig
 .text.TIM_TI1_ConfigInputStage
                0x08002074       0x5e ./Drivers/STM32F4xx_HAL_Driver/Src/stm32f4xx_hal_tim.o
 .text.TIM_TI2_ConfigInputStage
                0x080020d2       0x60 ./Drivers/STM32F4xx_HAL_Driver/Src/stm32f4xx_hal_tim.o
 .text.TIM_ITRx_SetConfig
                0x08002132       0x36 ./Drivers/STM32F4xx_HAL_Driver/Src/stm32f4xx_hal_tim.o
 .text.TIM_ETR_SetConfig
                0x08002168       0x40 ./Drivers/STM32F4xx_HAL_Driver/Src/stm32f4xx_hal_tim.o
                0x08002168                TIM_ETR_SetConfig
 .text.HAL_TIMEx_MasterConfigSynchronization
                0x080021a8       0xf8 ./Drivers/STM32F4xx_HAL_Driver/Src/stm32f4xx_hal_tim_ex.o
                0x080021a8                HAL_TIMEx_MasterConfigSynchronization
 .text.HAL_TIMEx_CommutCallback
                0x080022a0       0x14 ./Drivers/STM32F4xx_HAL_Driver/Src/stm32f4xx_hal_tim_ex.o
                0x080022a0                HAL_TIMEx_CommutCallback
 .text.HAL_TIMEx_BreakCallback
                0x080022b4       0x14 ./Drivers/STM32F4xx_HAL_Driver/Src/stm32f4xx_hal_tim_ex.o
                0x080022b4                HAL_TIMEx_BreakCallback
 .text.SoftUartGpioReadPin
                0x080022c8       0x20 ./Drivers/TMC2209/softuart.o
                0x080022c8                SoftUartGpioReadPin
 .text.SoftUartGpioWritePin
                0x080022e8       0x24 ./Drivers/TMC2209/softuart.o
                0x080022e8                SoftUartGpioWritePin
 .text.SoftUartInit
                0x0800230c      0x12c ./Drivers/TMC2209/softuart.o
                0x0800230c                SoftUartInit
 .text.SoftUartTransmitBit
                0x08002438       0x24 ./Drivers/TMC2209/softuart.o
                0x08002438                SoftUartTransmitBit
 .text.SoftUartTxProcess
                0x0800245c      0x144 ./Drivers/TMC2209/softuart.o
                0x0800245c                SoftUartTxProcess
 .text.SoftUartRxDataBitProcess
                0x080025a0       0xee ./Drivers/TMC2209/softuart.o
                0x080025a0                SoftUartRxDataBitProcess
 *fill*         0x0800268e        0x2 
 .text.SoftUartPuts
                0x08002690       0xa8 ./Drivers/TMC2209/softuart.o
                0x08002690                SoftUartPuts
 .text.SoftUartScanRxPorts
                0x08002738       0xd0 ./Drivers/TMC2209/softuart.o
                0x08002738                SoftUartScanRxPorts
 .text.SoftUartHandler
                0x08002808       0xac ./Drivers/TMC2209/softuart.o
                0x08002808                SoftUartHandler
 .text.getNumMotors
                0x080028b4       0x10 ./Drivers/TMC2209/tmc2209_stm32.o
 .text.motors_setup
                0x080028c4      0x120 ./Drivers/TMC2209/tmc2209_stm32.o
                0x080028c4                motors_setup
 .text.TMC2209_startStepperMotor
                0x080029e4       0x94 ./Drivers/TMC2209/tmc2209_stm32.o
                0x080029e4                TMC2209_startStepperMotor
 .text.TMC2209_stepHandler
                0x08002a78       0xa4 ./Drivers/TMC2209/tmc2209_stm32.o
                0x08002a78                TMC2209_stepHandler
 .text.TMC2209_sendRawMessage
                0x08002b1c       0x80 ./Drivers/TMC2209/tmc2209_stm32.o
                0x08002b1c                TMC2209_sendRawMessage
 .text.TMC2209_Init
                0x08002b9c       0x60 ./Drivers/TMC2209/tmc2209_stm32.o
                0x08002b9c                TMC2209_Init
 .text.TMC2209_enable
                0x08002bfc       0x38 ./Drivers/TMC2209/tmc2209_stm32.o
                0x08002bfc                TMC2209_enable
 .text.TMC2209_setRunCurrent_100
                0x08002c34       0x38 ./Drivers/TMC2209/tmc2209_stm32.o
                0x08002c34                TMC2209_setRunCurrent_100
 .text.TMC2209_enableCoolStep
                0x08002c6c       0x38 ./Drivers/TMC2209/tmc2209_stm32.o
                0x08002c6c                TMC2209_enableCoolStep
 .text.TMC2209_enableStallGuard
                0x08002ca4       0x60 ./Drivers/TMC2209/tmc2209_stm32.o
                0x08002ca4                TMC2209_enableStallGuard
 .text.memset   0x08002d04       0x10 D:/p-program/stm32cubeide/STM32CubeIDE_1.16.1/STM32CubeIDE/plugins/com.st.stm32cube.ide.mcu.externaltools.gnu-tools-for-stm32.12.3.rel1.win32_1.1.0.202410251130/tools/bin/../lib/gcc/arm-none-eabi/12.3.1/../../../../arm-none-eabi/lib/thumb/v7e-m+fp/hard\libc_nano.a(libc_a-memset.o)
                0x08002d04                memset
 .text.__libc_init_array
                0x08002d14       0x48 D:/p-program/stm32cubeide/STM32CubeIDE_1.16.1/STM32CubeIDE/plugins/com.st.stm32cube.ide.mcu.externaltools.gnu-tools-for-stm32.12.3.rel1.win32_1.1.0.202410251130/tools/bin/../lib/gcc/arm-none-eabi/12.3.1/../../../../arm-none-eabi/lib/thumb/v7e-m+fp/hard\libc_nano.a(libc_a-init.o)
                0x08002d14                __libc_init_array
 .text.memcpy   0x08002d5c       0x1c D:/p-program/stm32cubeide/STM32CubeIDE_1.16.1/STM32CubeIDE/plugins/com.st.stm32cube.ide.mcu.externaltools.gnu-tools-for-stm32.12.3.rel1.win32_1.1.0.202410251130/tools/bin/../lib/gcc/arm-none-eabi/12.3.1/../../../../arm-none-eabi/lib/thumb/v7e-m+fp/hard\libc_nano.a(libc_a-memcpy-stub.o)
                0x08002d5c                memcpy
 *(.glue_7)
 .glue_7        0x08002d78        0x0 linker stubs
 *(.glue_7t)
 .glue_7t       0x08002d78        0x0 linker stubs
 *(.eh_frame)
 .eh_frame      0x08002d78        0x0 D:/p-program/stm32cubeide/STM32CubeIDE_1.16.1/STM32CubeIDE/plugins/com.st.stm32cube.ide.mcu.externaltools.gnu-tools-for-stm32.12.3.rel1.win32_1.1.0.202410251130/tools/bin/../lib/gcc/arm-none-eabi/12.3.1/thumb/v7e-m+fp/hard/crtbegin.o
 *(.init)
 .init          0x08002d78        0x4 D:/p-program/stm32cubeide/STM32CubeIDE_1.16.1/STM32CubeIDE/plugins/com.st.stm32cube.ide.mcu.externaltools.gnu-tools-for-stm32.12.3.rel1.win32_1.1.0.202410251130/tools/bin/../lib/gcc/arm-none-eabi/12.3.1/thumb/v7e-m+fp/hard/crti.o
                0x08002d78                _init
 .init          0x08002d7c        0x8 D:/p-program/stm32cubeide/STM32CubeIDE_1.16.1/STM32CubeIDE/plugins/com.st.stm32cube.ide.mcu.externaltools.gnu-tools-for-stm32.12.3.rel1.win32_1.1.0.202410251130/tools/bin/../lib/gcc/arm-none-eabi/12.3.1/thumb/v7e-m+fp/hard/crtn.o
 *(.fini)
 .fini          0x08002d84        0x4 D:/p-program/stm32cubeide/STM32CubeIDE_1.16.1/STM32CubeIDE/plugins/com.st.stm32cube.ide.mcu.externaltools.gnu-tools-for-stm32.12.3.rel1.win32_1.1.0.202410251130/tools/bin/../lib/gcc/arm-none-eabi/12.3.1/thumb/v7e-m+fp/hard/crti.o
                0x08002d84                _fini
 .fini          0x08002d88        0x8 D:/p-program/stm32cubeide/STM32CubeIDE_1.16.1/STM32CubeIDE/plugins/com.st.stm32cube.ide.mcu.externaltools.gnu-tools-for-stm32.12.3.rel1.win32_1.1.0.202410251130/tools/bin/../lib/gcc/arm-none-eabi/12.3.1/thumb/v7e-m+fp/hard/crtn.o
                0x08002d90                        . = ALIGN (0x4)
                0x08002d90                        _etext = .

.vfp11_veneer   0x08002d90        0x0
 .vfp11_veneer  0x08002d90        0x0 linker stubs

.v4_bx          0x08002d90        0x0
 .v4_bx         0x08002d90        0x0 linker stubs

.iplt           0x08002d90        0x0
 .iplt          0x08002d90        0x0 D:/p-program/stm32cubeide/STM32CubeIDE_1.16.1/STM32CubeIDE/plugins/com.st.stm32cube.ide.mcu.externaltools.gnu-tools-for-stm32.12.3.rel1.win32_1.1.0.202410251130/tools/bin/../lib/gcc/arm-none-eabi/12.3.1/thumb/v7e-m+fp/hard/crtbegin.o

.rodata         0x08002d90       0xc0
                0x08002d90                        . = ALIGN (0x4)
 *(.rodata)
 .rodata        0x08002d90       0xb0 ./Drivers/TMC2209/tmc2209_stm32.o
 *(.rodata*)
 .rodata.AHBPrescTable
                0x08002e40       0x10 ./Core/Src/system_stm32f4xx.o
                0x08002e40                AHBPrescTable
                0x08002e50                        . = ALIGN (0x4)

.ARM.extab      0x08002e50        0x0
                0x08002e50                        . = ALIGN (0x4)
 *(.ARM.extab* .gnu.linkonce.armextab.*)
                0x08002e50                        . = ALIGN (0x4)

.ARM            0x08002e50        0x8
                0x08002e50                        . = ALIGN (0x4)
                0x08002e50                        __exidx_start = .
 *(.ARM.exidx*)
 .ARM.exidx     0x08002e50        0x8 D:/p-program/stm32cubeide/STM32CubeIDE_1.16.1/STM32CubeIDE/plugins/com.st.stm32cube.ide.mcu.externaltools.gnu-tools-for-stm32.12.3.rel1.win32_1.1.0.202410251130/tools/bin/../lib/gcc/arm-none-eabi/12.3.1/thumb/v7e-m+fp/hard\libgcc.a(_udivmoddi4.o)
                0x08002e58                        __exidx_end = .
                0x08002e58                        . = ALIGN (0x4)

.preinit_array  0x08002e58        0x0
                0x08002e58                        . = ALIGN (0x4)
                0x08002e58                        PROVIDE (__preinit_array_start = .)
 *(.preinit_array*)
                0x08002e58                        PROVIDE (__preinit_array_end = .)
                0x08002e58                        . = ALIGN (0x4)

.init_array     0x08002e58        0x4
                0x08002e58                        . = ALIGN (0x4)
                0x08002e58                        PROVIDE (__init_array_start = .)
 *(SORT_BY_NAME(.init_array.*))
 *(.init_array*)
 .init_array    0x08002e58        0x4 D:/p-program/stm32cubeide/STM32CubeIDE_1.16.1/STM32CubeIDE/plugins/com.st.stm32cube.ide.mcu.externaltools.gnu-tools-for-stm32.12.3.rel1.win32_1.1.0.202410251130/tools/bin/../lib/gcc/arm-none-eabi/12.3.1/thumb/v7e-m+fp/hard/crtbegin.o
                0x08002e5c                        PROVIDE (__init_array_end = .)
                0x08002e5c                        . = ALIGN (0x4)

.fini_array     0x08002e5c        0x4
                0x08002e5c                        . = ALIGN (0x4)
                [!provide]                        PROVIDE (__fini_array_start = .)
 *(SORT_BY_NAME(.fini_array.*))
 *(.fini_array*)
 .fini_array    0x08002e5c        0x4 D:/p-program/stm32cubeide/STM32CubeIDE_1.16.1/STM32CubeIDE/plugins/com.st.stm32cube.ide.mcu.externaltools.gnu-tools-for-stm32.12.3.rel1.win32_1.1.0.202410251130/tools/bin/../lib/gcc/arm-none-eabi/12.3.1/thumb/v7e-m+fp/hard/crtbegin.o
                [!provide]                        PROVIDE (__fini_array_end = .)
                0x08002e60                        . = ALIGN (0x4)
                0x08002e60                        _sidata = LOADADDR (.data)

.rel.dyn        0x08002e60        0x0
 .rel.iplt      0x08002e60        0x0 D:/p-program/stm32cubeide/STM32CubeIDE_1.16.1/STM32CubeIDE/plugins/com.st.stm32cube.ide.mcu.externaltools.gnu-tools-for-stm32.12.3.rel1.win32_1.1.0.202410251130/tools/bin/../lib/gcc/arm-none-eabi/12.3.1/thumb/v7e-m+fp/hard/crtbegin.o

.data           0x20000000       0x3c load address 0x08002e60
                0x20000000                        . = ALIGN (0x4)
                0x20000000                        _sdata = .
 *(.data)
 *(.data*)
 .data.SystemCoreClock
                0x20000000        0x4 ./Core/Src/system_stm32f4xx.o
                0x20000000                SystemCoreClock
 .data.uwTickPrio
                0x20000004        0x4 ./Drivers/STM32F4xx_HAL_Driver/Src/stm32f4xx_hal.o
                0x20000004                uwTickPrio
 .data.uwTickFreq
                0x20000008        0x1 ./Drivers/STM32F4xx_HAL_Driver/Src/stm32f4xx_hal.o
                0x20000008                uwTickFreq
 *fill*         0x20000009        0x3 
 .data.motors   0x2000000c       0x30 ./Drivers/TMC2209/tmc2209_stm32.o
                0x2000000c                motors
 *(.RamFunc)
 *(.RamFunc*)
                0x2000003c                        . = ALIGN (0x4)
                0x2000003c                        _edata = .
                0x08002e9c                        _siccmram = LOADADDR (.ccmram)

.igot.plt       0x2000003c        0x0 load address 0x08002e9c
 .igot.plt      0x2000003c        0x0 D:/p-program/stm32cubeide/STM32CubeIDE_1.16.1/STM32CubeIDE/plugins/com.st.stm32cube.ide.mcu.externaltools.gnu-tools-for-stm32.12.3.rel1.win32_1.1.0.202410251130/tools/bin/../lib/gcc/arm-none-eabi/12.3.1/thumb/v7e-m+fp/hard/crtbegin.o

.ccmram         0x10000000        0x0 load address 0x08002e9c
                0x10000000                        . = ALIGN (0x4)
                0x10000000                        _sccmram = .
 *(.ccmram)
 *(.ccmram*)
                0x10000000                        . = ALIGN (0x4)
                0x10000000                        _eccmram = .
                0x10000000                        . = ALIGN (0x4)

.bss            0x2000003c      0x134
                0x2000003c                        _sbss = .
                0x2000003c                        __bss_start__ = _sbss
 *(.bss)
 .bss           0x2000003c       0x1c D:/p-program/stm32cubeide/STM32CubeIDE_1.16.1/STM32CubeIDE/plugins/com.st.stm32cube.ide.mcu.externaltools.gnu-tools-for-stm32.12.3.rel1.win32_1.1.0.202410251130/tools/bin/../lib/gcc/arm-none-eabi/12.3.1/thumb/v7e-m+fp/hard/crtbegin.o
 *(.bss*)
 .bss.htim5     0x20000058       0x48 ./Core/Src/main.o
                0x20000058                htim5
 .bss.htim6     0x200000a0       0x48 ./Core/Src/main.o
                0x200000a0                htim6
 .bss.uwTick    0x200000e8        0x4 ./Drivers/STM32F4xx_HAL_Driver/Src/stm32f4xx_hal.o
                0x200000e8                uwTick
 .bss.SUart     0x200000ec       0x20 ./Drivers/TMC2209/softuart.o
                0x200000ec                SUart
 .bss.SUBuffer  0x2000010c       0x60 ./Drivers/TMC2209/softuart.o
                0x2000010c                SUBuffer
 .bss.SU_Timer  0x2000016c        0x1 ./Drivers/TMC2209/softuart.o
                0x2000016c                SU_Timer
 .bss.DV        0x2000016d        0x1 ./Drivers/TMC2209/softuart.o
 .bss.PCount    0x2000016e        0x1 ./Drivers/TMC2209/softuart.o
 *(COMMON)
                0x20000170                        . = ALIGN (0x4)
 *fill*         0x2000016f        0x1 
                0x20000170                        _ebss = .
                0x20000170                        __bss_end__ = _ebss

._user_heap_stack
                0x20000170      0x600
                0x20000170                        . = ALIGN (0x8)
                [!provide]                        PROVIDE (end = .)
                0x20000170                        PROVIDE (_end = .)
                0x20000370                        . = (. + _Min_Heap_Size)
 *fill*         0x20000170      0x200 
                0x20000770                        . = (. + _Min_Stack_Size)
 *fill*         0x20000370      0x400 
                0x20000770                        . = ALIGN (0x8)

/DISCARD/
 libc.a(*)
 libm.a(*)
 libgcc.a(*)

.ARM.attributes
                0x00000000       0x30
 *(.ARM.attributes)
 .ARM.attributes
                0x00000000       0x22 D:/p-program/stm32cubeide/STM32CubeIDE_1.16.1/STM32CubeIDE/plugins/com.st.stm32cube.ide.mcu.externaltools.gnu-tools-for-stm32.12.3.rel1.win32_1.1.0.202410251130/tools/bin/../lib/gcc/arm-none-eabi/12.3.1/thumb/v7e-m+fp/hard/crti.o
 .ARM.attributes
                0x00000022       0x34 D:/p-program/stm32cubeide/STM32CubeIDE_1.16.1/STM32CubeIDE/plugins/com.st.stm32cube.ide.mcu.externaltools.gnu-tools-for-stm32.12.3.rel1.win32_1.1.0.202410251130/tools/bin/../lib/gcc/arm-none-eabi/12.3.1/thumb/v7e-m+fp/hard/crtbegin.o
 .ARM.attributes
                0x00000056       0x34 ./Core/Src/main.o
 .ARM.attributes
                0x0000008a       0x34 ./Core/Src/stm32f4xx_hal_msp.o
 .ARM.attributes
                0x000000be       0x34 ./Core/Src/stm32f4xx_it.o
 .ARM.attributes
                0x000000f2       0x34 ./Core/Src/system_stm32f4xx.o
 .ARM.attributes
                0x00000126       0x21 ./Core/Startup/startup_stm32f407vetx.o
 .ARM.attributes
                0x00000147       0x34 ./Drivers/STM32F4xx_HAL_Driver/Src/stm32f4xx_hal.o
 .ARM.attributes
                0x0000017b       0x34 ./Drivers/STM32F4xx_HAL_Driver/Src/stm32f4xx_hal_cortex.o
 .ARM.attributes
                0x000001af       0x34 ./Drivers/STM32F4xx_HAL_Driver/Src/stm32f4xx_hal_gpio.o
 .ARM.attributes
                0x000001e3       0x34 ./Drivers/STM32F4xx_HAL_Driver/Src/stm32f4xx_hal_rcc.o
 .ARM.attributes
                0x00000217       0x34 ./Drivers/STM32F4xx_HAL_Driver/Src/stm32f4xx_hal_tim.o
 .ARM.attributes
                0x0000024b       0x34 ./Drivers/STM32F4xx_HAL_Driver/Src/stm32f4xx_hal_tim_ex.o
 .ARM.attributes
                0x0000027f       0x34 ./Drivers/TMC2209/softuart.o
 .ARM.attributes
                0x000002b3       0x34 ./Drivers/TMC2209/tmc2209_stm32.o
 .ARM.attributes
                0x000002e7       0x34 D:/p-program/stm32cubeide/STM32CubeIDE_1.16.1/STM32CubeIDE/plugins/com.st.stm32cube.ide.mcu.externaltools.gnu-tools-for-stm32.12.3.rel1.win32_1.1.0.202410251130/tools/bin/../lib/gcc/arm-none-eabi/12.3.1/../../../../arm-none-eabi/lib/thumb/v7e-m+fp/hard\libc_nano.a(libc_a-memset.o)
 .ARM.attributes
                0x0000031b       0x34 D:/p-program/stm32cubeide/STM32CubeIDE_1.16.1/STM32CubeIDE/plugins/com.st.stm32cube.ide.mcu.externaltools.gnu-tools-for-stm32.12.3.rel1.win32_1.1.0.202410251130/tools/bin/../lib/gcc/arm-none-eabi/12.3.1/../../../../arm-none-eabi/lib/thumb/v7e-m+fp/hard\libc_nano.a(libc_a-init.o)
 .ARM.attributes
                0x0000034f       0x34 D:/p-program/stm32cubeide/STM32CubeIDE_1.16.1/STM32CubeIDE/plugins/com.st.stm32cube.ide.mcu.externaltools.gnu-tools-for-stm32.12.3.rel1.win32_1.1.0.202410251130/tools/bin/../lib/gcc/arm-none-eabi/12.3.1/../../../../arm-none-eabi/lib/thumb/v7e-m+fp/hard\libc_nano.a(libc_a-memcpy-stub.o)
 .ARM.attributes
                0x00000383       0x22 D:/p-program/stm32cubeide/STM32CubeIDE_1.16.1/STM32CubeIDE/plugins/com.st.stm32cube.ide.mcu.externaltools.gnu-tools-for-stm32.12.3.rel1.win32_1.1.0.202410251130/tools/bin/../lib/gcc/arm-none-eabi/12.3.1/thumb/v7e-m+fp/hard\libgcc.a(_aeabi_uldivmod.o)
 .ARM.attributes
                0x000003a5       0x34 D:/p-program/stm32cubeide/STM32CubeIDE_1.16.1/STM32CubeIDE/plugins/com.st.stm32cube.ide.mcu.externaltools.gnu-tools-for-stm32.12.3.rel1.win32_1.1.0.202410251130/tools/bin/../lib/gcc/arm-none-eabi/12.3.1/thumb/v7e-m+fp/hard\libgcc.a(_udivmoddi4.o)
 .ARM.attributes
                0x000003d9       0x22 D:/p-program/stm32cubeide/STM32CubeIDE_1.16.1/STM32CubeIDE/plugins/com.st.stm32cube.ide.mcu.externaltools.gnu-tools-for-stm32.12.3.rel1.win32_1.1.0.202410251130/tools/bin/../lib/gcc/arm-none-eabi/12.3.1/thumb/v7e-m+fp/hard\libgcc.a(_dvmd_tls.o)
 .ARM.attributes
                0x000003fb       0x22 D:/p-program/stm32cubeide/STM32CubeIDE_1.16.1/STM32CubeIDE/plugins/com.st.stm32cube.ide.mcu.externaltools.gnu-tools-for-stm32.12.3.rel1.win32_1.1.0.202410251130/tools/bin/../lib/gcc/arm-none-eabi/12.3.1/thumb/v7e-m+fp/hard/crtn.o
OUTPUT(407vet6_monster_2209mix.elf elf32-littlearm)
LOAD linker stubs
LOAD D:/p-program/stm32cubeide/STM32CubeIDE_1.16.1/STM32CubeIDE/plugins/com.st.stm32cube.ide.mcu.externaltools.gnu-tools-for-stm32.12.3.rel1.win32_1.1.0.202410251130/tools/bin/../lib/gcc/arm-none-eabi/12.3.1/../../../../arm-none-eabi/lib/thumb/v7e-m+fp/hard\libc.a
LOAD D:/p-program/stm32cubeide/STM32CubeIDE_1.16.1/STM32CubeIDE/plugins/com.st.stm32cube.ide.mcu.externaltools.gnu-tools-for-stm32.12.3.rel1.win32_1.1.0.202410251130/tools/bin/../lib/gcc/arm-none-eabi/12.3.1/../../../../arm-none-eabi/lib/thumb/v7e-m+fp/hard\libm.a
LOAD D:/p-program/stm32cubeide/STM32CubeIDE_1.16.1/STM32CubeIDE/plugins/com.st.stm32cube.ide.mcu.externaltools.gnu-tools-for-stm32.12.3.rel1.win32_1.1.0.202410251130/tools/bin/../lib/gcc/arm-none-eabi/12.3.1/thumb/v7e-m+fp/hard\libgcc.a

.debug_info     0x00000000     0x9bda
 .debug_info    0x00000000     0x10ce ./Core/Src/main.o
 .debug_info    0x000010ce      0xb0f ./Core/Src/stm32f4xx_hal_msp.o
 .debug_info    0x00001bdd      0x735 ./Core/Src/stm32f4xx_it.o
 .debug_info    0x00002312      0x512 ./Core/Src/system_stm32f4xx.o
 .debug_info    0x00002824       0x30 ./Core/Startup/startup_stm32f407vetx.o
 .debug_info    0x00002854      0x944 ./Drivers/STM32F4xx_HAL_Driver/Src/stm32f4xx_hal.o
 .debug_info    0x00003198      0xdc3 ./Drivers/STM32F4xx_HAL_Driver/Src/stm32f4xx_hal_cortex.o
 .debug_info    0x00003f5b      0x6eb ./Drivers/STM32F4xx_HAL_Driver/Src/stm32f4xx_hal_gpio.o
 .debug_info    0x00004646      0x8d4 ./Drivers/STM32F4xx_HAL_Driver/Src/stm32f4xx_hal_rcc.o
 .debug_info    0x00004f1a     0x29a2 ./Drivers/STM32F4xx_HAL_Driver/Src/stm32f4xx_hal_tim.o
 .debug_info    0x000078bc     0x14df ./Drivers/STM32F4xx_HAL_Driver/Src/stm32f4xx_hal_tim_ex.o
 .debug_info    0x00008d9b      0x69a ./Drivers/TMC2209/softuart.o
 .debug_info    0x00009435      0x7a5 ./Drivers/TMC2209/tmc2209_stm32.o

.debug_abbrev   0x00000000     0x1a39
 .debug_abbrev  0x00000000      0x2b6 ./Core/Src/main.o
 .debug_abbrev  0x000002b6      0x1ad ./Core/Src/stm32f4xx_hal_msp.o
 .debug_abbrev  0x00000463      0x1a8 ./Core/Src/stm32f4xx_it.o
 .debug_abbrev  0x0000060b      0x11a ./Core/Src/system_stm32f4xx.o
 .debug_abbrev  0x00000725       0x24 ./Core/Startup/startup_stm32f407vetx.o
 .debug_abbrev  0x00000749      0x214 ./Drivers/STM32F4xx_HAL_Driver/Src/stm32f4xx_hal.o
 .debug_abbrev  0x0000095d      0x31a ./Drivers/STM32F4xx_HAL_Driver/Src/stm32f4xx_hal_cortex.o
 .debug_abbrev  0x00000c77      0x1d3 ./Drivers/STM32F4xx_HAL_Driver/Src/stm32f4xx_hal_gpio.o
 .debug_abbrev  0x00000e4a      0x2b6 ./Drivers/STM32F4xx_HAL_Driver/Src/stm32f4xx_hal_rcc.o
 .debug_abbrev  0x00001100      0x277 ./Drivers/STM32F4xx_HAL_Driver/Src/stm32f4xx_hal_tim.o
 .debug_abbrev  0x00001377      0x282 ./Drivers/STM32F4xx_HAL_Driver/Src/stm32f4xx_hal_tim_ex.o
 .debug_abbrev  0x000015f9      0x253 ./Drivers/TMC2209/softuart.o
 .debug_abbrev  0x0000184c      0x1ed ./Drivers/TMC2209/tmc2209_stm32.o

.debug_aranges  0x00000000      0xa90
 .debug_aranges
                0x00000000       0x58 ./Core/Src/main.o
 .debug_aranges
                0x00000058       0x30 ./Core/Src/stm32f4xx_hal_msp.o
 .debug_aranges
                0x00000088       0x78 ./Core/Src/stm32f4xx_it.o
 .debug_aranges
                0x00000100       0x28 ./Core/Src/system_stm32f4xx.o
 .debug_aranges
                0x00000128       0x28 ./Core/Startup/startup_stm32f407vetx.o
 .debug_aranges
                0x00000150       0xf0 ./Drivers/STM32F4xx_HAL_Driver/Src/stm32f4xx_hal.o
 .debug_aranges
                0x00000240      0x130 ./Drivers/STM32F4xx_HAL_Driver/Src/stm32f4xx_hal_cortex.o
 .debug_aranges
                0x00000370       0x58 ./Drivers/STM32F4xx_HAL_Driver/Src/stm32f4xx_hal_gpio.o
 .debug_aranges
                0x000003c8       0x88 ./Drivers/STM32F4xx_HAL_Driver/Src/stm32f4xx_hal_rcc.o
 .debug_aranges
                0x00000450      0x3d0 ./Drivers/STM32F4xx_HAL_Driver/Src/stm32f4xx_hal_tim.o
 .debug_aranges
                0x00000820      0x168 ./Drivers/STM32F4xx_HAL_Driver/Src/stm32f4xx_hal_tim_ex.o
 .debug_aranges
                0x00000988       0x88 ./Drivers/TMC2209/softuart.o
 .debug_aranges
                0x00000a10       0x80 ./Drivers/TMC2209/tmc2209_stm32.o

.debug_rnglists
                0x00000000      0x823
 .debug_rnglists
                0x00000000       0x40 ./Core/Src/main.o
 .debug_rnglists
                0x00000040       0x20 ./Core/Src/stm32f4xx_hal_msp.o
 .debug_rnglists
                0x00000060       0x55 ./Core/Src/stm32f4xx_it.o
 .debug_rnglists
                0x000000b5       0x1a ./Core/Src/system_stm32f4xx.o
 .debug_rnglists
                0x000000cf       0x19 ./Core/Startup/startup_stm32f407vetx.o
 .debug_rnglists
                0x000000e8       0xaf ./Drivers/STM32F4xx_HAL_Driver/Src/stm32f4xx_hal.o
 .debug_rnglists
                0x00000197       0xe0 ./Drivers/STM32F4xx_HAL_Driver/Src/stm32f4xx_hal_cortex.o
 .debug_rnglists
                0x00000277       0x3f ./Drivers/STM32F4xx_HAL_Driver/Src/stm32f4xx_hal_gpio.o
 .debug_rnglists
                0x000002b6       0x66 ./Drivers/STM32F4xx_HAL_Driver/Src/stm32f4xx_hal_rcc.o
 .debug_rnglists
                0x0000031c      0x31a ./Drivers/STM32F4xx_HAL_Driver/Src/stm32f4xx_hal_tim.o
 .debug_rnglists
                0x00000636      0x125 ./Drivers/STM32F4xx_HAL_Driver/Src/stm32f4xx_hal_tim_ex.o
 .debug_rnglists
                0x0000075b       0x68 ./Drivers/TMC2209/softuart.o
 .debug_rnglists
                0x000007c3       0x60 ./Drivers/TMC2209/tmc2209_stm32.o

.debug_macro    0x00000000    0x20185
 .debug_macro   0x00000000      0x1e0 ./Core/Src/main.o
 .debug_macro   0x000001e0      0xab4 ./Core/Src/main.o
 .debug_macro   0x00000c94      0x295 ./Core/Src/main.o
 .debug_macro   0x00000f29       0x2e ./Core/Src/main.o
 .debug_macro   0x00000f57       0x2f ./Core/Src/main.o
 .debug_macro   0x00000f86       0x22 ./Core/Src/main.o
 .debug_macro   0x00000fa8       0x8e ./Core/Src/main.o
 .debug_macro   0x00001036       0x51 ./Core/Src/main.o
 .debug_macro   0x00001087      0x103 ./Core/Src/main.o
 .debug_macro   0x0000118a       0x6a ./Core/Src/main.o
 .debug_macro   0x000011f4      0x1df ./Core/Src/main.o
 .debug_macro   0x000013d3       0x1c ./Core/Src/main.o
 .debug_macro   0x000013ef       0x22 ./Core/Src/main.o
 .debug_macro   0x00001411       0xfb ./Core/Src/main.o
 .debug_macro   0x0000150c     0x1011 ./Core/Src/main.o
 .debug_macro   0x0000251d      0x11f ./Core/Src/main.o
 .debug_macro   0x0000263c    0x15e97 ./Core/Src/main.o
 .debug_macro   0x000184d3       0x6d ./Core/Src/main.o
 .debug_macro   0x00018540     0x369a ./Core/Src/main.o
 .debug_macro   0x0001bbda      0x189 ./Core/Src/main.o
 .debug_macro   0x0001bd63       0x5c ./Core/Src/main.o
 .debug_macro   0x0001bdbf      0x980 ./Core/Src/main.o
 .debug_macro   0x0001c73f      0x9e7 ./Core/Src/main.o
 .debug_macro   0x0001d126      0x113 ./Core/Src/main.o
 .debug_macro   0x0001d239      0x13e ./Core/Src/main.o
 .debug_macro   0x0001d377       0xa5 ./Core/Src/main.o
 .debug_macro   0x0001d41c      0x174 ./Core/Src/main.o
 .debug_macro   0x0001d590      0x287 ./Core/Src/main.o
 .debug_macro   0x0001d817       0x5f ./Core/Src/main.o
 .debug_macro   0x0001d876      0x235 ./Core/Src/main.o
 .debug_macro   0x0001daab      0x12c ./Core/Src/main.o
 .debug_macro   0x0001dbd7      0x21e ./Core/Src/main.o
 .debug_macro   0x0001ddf5       0x2e ./Core/Src/main.o
 .debug_macro   0x0001de23      0x126 ./Core/Src/main.o
 .debug_macro   0x0001df49       0x7e ./Core/Src/main.o
 .debug_macro   0x0001dfc7       0x89 ./Core/Src/main.o
 .debug_macro   0x0001e050      0x8ed ./Core/Src/main.o
 .debug_macro   0x0001e93d       0x4d ./Core/Src/main.o
 .debug_macro   0x0001e98a      0x12d ./Core/Src/main.o
 .debug_macro   0x0001eab7       0x4c ./Core/Src/main.o
 .debug_macro   0x0001eb03       0x28 ./Core/Src/main.o
 .debug_macro   0x0001eb2b      0x1d3 ./Core/Src/stm32f4xx_hal_msp.o
 .debug_macro   0x0001ecfe       0x46 ./Core/Src/stm32f4xx_hal_msp.o
 .debug_macro   0x0001ed44      0x1dd ./Core/Src/stm32f4xx_it.o
 .debug_macro   0x0001ef21      0x1c4 ./Core/Src/system_stm32f4xx.o
 .debug_macro   0x0001f0e5      0x224 ./Drivers/STM32F4xx_HAL_Driver/Src/stm32f4xx_hal.o
 .debug_macro   0x0001f309      0x1c4 ./Drivers/STM32F4xx_HAL_Driver/Src/stm32f4xx_hal_cortex.o
 .debug_macro   0x0001f4cd      0x1ca ./Drivers/STM32F4xx_HAL_Driver/Src/stm32f4xx_hal_gpio.o
 .debug_macro   0x0001f697      0x1e8 ./Drivers/STM32F4xx_HAL_Driver/Src/stm32f4xx_hal_rcc.o
 .debug_macro   0x0001f87f      0x1c5 ./Drivers/STM32F4xx_HAL_Driver/Src/stm32f4xx_hal_tim.o
 .debug_macro   0x0001fa44      0x1c4 ./Drivers/STM32F4xx_HAL_Driver/Src/stm32f4xx_hal_tim_ex.o
 .debug_macro   0x0001fc08      0x1e8 ./Drivers/TMC2209/softuart.o
 .debug_macro   0x0001fdf0      0x2ae ./Drivers/TMC2209/tmc2209_stm32.o
 .debug_macro   0x0002009e       0x61 ./Drivers/TMC2209/tmc2209_stm32.o
 .debug_macro   0x000200ff       0x10 ./Drivers/TMC2209/tmc2209_stm32.o
 .debug_macro   0x0002010f       0x20 ./Drivers/TMC2209/tmc2209_stm32.o
 .debug_macro   0x0002012f       0x56 ./Drivers/TMC2209/tmc2209_stm32.o

.debug_line     0x00000000     0xc2ff
 .debug_line    0x00000000      0x9de ./Core/Src/main.o
 .debug_line    0x000009de      0x83d ./Core/Src/stm32f4xx_hal_msp.o
 .debug_line    0x0000121b      0x8ec ./Core/Src/stm32f4xx_it.o
 .debug_line    0x00001b07      0x860 ./Core/Src/system_stm32f4xx.o
 .debug_line    0x00002367       0x7a ./Core/Startup/startup_stm32f407vetx.o
 .debug_line    0x000023e1      0xacb ./Drivers/STM32F4xx_HAL_Driver/Src/stm32f4xx_hal.o
 .debug_line    0x00002eac      0xd85 ./Drivers/STM32F4xx_HAL_Driver/Src/stm32f4xx_hal_cortex.o
 .debug_line    0x00003c31      0xc07 ./Drivers/STM32F4xx_HAL_Driver/Src/stm32f4xx_hal_gpio.o
 .debug_line    0x00004838      0xdec ./Drivers/STM32F4xx_HAL_Driver/Src/stm32f4xx_hal_rcc.o
 .debug_line    0x00005624     0x3865 ./Drivers/STM32F4xx_HAL_Driver/Src/stm32f4xx_hal_tim.o
 .debug_line    0x00008e89     0x1a65 ./Drivers/STM32F4xx_HAL_Driver/Src/stm32f4xx_hal_tim_ex.o
 .debug_line    0x0000a8ee      0xc86 ./Drivers/TMC2209/softuart.o
 .debug_line    0x0000b574      0xd8b ./Drivers/TMC2209/tmc2209_stm32.o

.debug_str      0x00000000    0xc856b
 .debug_str     0x00000000    0xc2d29 ./Core/Src/main.o
                              0xc309e (size before relaxing)
 .debug_str     0x000c2d29       0x76 ./Core/Src/stm32f4xx_hal_msp.o
                              0xc2bf7 (size before relaxing)
 .debug_str     0x000c2d9f      0x12e ./Core/Src/stm32f4xx_it.o
                              0xc26ac (size before relaxing)
 .debug_str     0x000c2ecd       0xdb ./Core/Src/system_stm32f4xx.o
                              0xc2112 (size before relaxing)
 .debug_str     0x000c2fa8       0x44 ./Core/Startup/startup_stm32f407vetx.o
                                 0x6e (size before relaxing)
 .debug_str     0x000c2fec      0x60d ./Drivers/STM32F4xx_HAL_Driver/Src/stm32f4xx_hal.o
                              0xc2c96 (size before relaxing)
 .debug_str     0x000c35f9      0x36b ./Drivers/STM32F4xx_HAL_Driver/Src/stm32f4xx_hal_cortex.o
                              0xc2a12 (size before relaxing)
 .debug_str     0x000c3964       0xf8 ./Drivers/STM32F4xx_HAL_Driver/Src/stm32f4xx_hal_gpio.o
                              0xc228d (size before relaxing)
 .debug_str     0x000c3a5c      0x233 ./Drivers/STM32F4xx_HAL_Driver/Src/stm32f4xx_hal_rcc.o
                              0xc2546 (size before relaxing)
 .debug_str     0x000c3c8f      0xde0 ./Drivers/STM32F4xx_HAL_Driver/Src/stm32f4xx_hal_tim.o
                              0xc349c (size before relaxing)
 .debug_str     0x000c4a6f      0x493 ./Drivers/STM32F4xx_HAL_Driver/Src/stm32f4xx_hal_tim_ex.o
                              0xc2ca8 (size before relaxing)
 .debug_str     0x000c4f02      0x2ae ./Drivers/TMC2209/softuart.o
                              0xc2444 (size before relaxing)
 .debug_str     0x000c51b0     0x33bb ./Drivers/TMC2209/tmc2209_stm32.o
                              0xc55d8 (size before relaxing)

.comment        0x00000000       0x43
 .comment       0x00000000       0x43 ./Core/Src/main.o
                                 0x44 (size before relaxing)
 .comment       0x00000043       0x44 ./Core/Src/stm32f4xx_hal_msp.o
 .comment       0x00000043       0x44 ./Core/Src/stm32f4xx_it.o
 .comment       0x00000043       0x44 ./Core/Src/system_stm32f4xx.o
 .comment       0x00000043       0x44 ./Drivers/STM32F4xx_HAL_Driver/Src/stm32f4xx_hal.o
 .comment       0x00000043       0x44 ./Drivers/STM32F4xx_HAL_Driver/Src/stm32f4xx_hal_cortex.o
 .comment       0x00000043       0x44 ./Drivers/STM32F4xx_HAL_Driver/Src/stm32f4xx_hal_gpio.o
 .comment       0x00000043       0x44 ./Drivers/STM32F4xx_HAL_Driver/Src/stm32f4xx_hal_rcc.o
 .comment       0x00000043       0x44 ./Drivers/STM32F4xx_HAL_Driver/Src/stm32f4xx_hal_tim.o
 .comment       0x00000043       0x44 ./Drivers/STM32F4xx_HAL_Driver/Src/stm32f4xx_hal_tim_ex.o
 .comment       0x00000043       0x44 ./Drivers/TMC2209/softuart.o
 .comment       0x00000043       0x44 ./Drivers/TMC2209/tmc2209_stm32.o

.debug_frame    0x00000000     0x2bf0
 .debug_frame   0x00000000      0x11c ./Core/Src/main.o
 .debug_frame   0x0000011c       0x80 ./Core/Src/stm32f4xx_hal_msp.o
 .debug_frame   0x0000019c      0x158 ./Core/Src/stm32f4xx_it.o
 .debug_frame   0x000002f4       0x58 ./Core/Src/system_stm32f4xx.o
 .debug_frame   0x0000034c      0x374 ./Drivers/STM32F4xx_HAL_Driver/Src/stm32f4xx_hal.o
 .debug_frame   0x000006c0      0x508 ./Drivers/STM32F4xx_HAL_Driver/Src/stm32f4xx_hal_cortex.o
 .debug_frame   0x00000bc8      0x14c ./Drivers/STM32F4xx_HAL_Driver/Src/stm32f4xx_hal_gpio.o
 .debug_frame   0x00000d14      0x1f4 ./Drivers/STM32F4xx_HAL_Driver/Src/stm32f4xx_hal_rcc.o
 .debug_frame   0x00000f08     0x11c0 ./Drivers/STM32F4xx_HAL_Driver/Src/stm32f4xx_hal_tim.o
 .debug_frame   0x000020c8      0x638 ./Drivers/STM32F4xx_HAL_Driver/Src/stm32f4xx_hal_tim_ex.o
 .debug_frame   0x00002700      0x228 ./Drivers/TMC2209/softuart.o
 .debug_frame   0x00002928      0x1f4 ./Drivers/TMC2209/tmc2209_stm32.o
 .debug_frame   0x00002b1c       0x20 D:/p-program/stm32cubeide/STM32CubeIDE_1.16.1/STM32CubeIDE/plugins/com.st.stm32cube.ide.mcu.externaltools.gnu-tools-for-stm32.12.3.rel1.win32_1.1.0.202410251130/tools/bin/../lib/gcc/arm-none-eabi/12.3.1/../../../../arm-none-eabi/lib/thumb/v7e-m+fp/hard\libc_nano.a(libc_a-memset.o)
 .debug_frame   0x00002b3c       0x2c D:/p-program/stm32cubeide/STM32CubeIDE_1.16.1/STM32CubeIDE/plugins/com.st.stm32cube.ide.mcu.externaltools.gnu-tools-for-stm32.12.3.rel1.win32_1.1.0.202410251130/tools/bin/../lib/gcc/arm-none-eabi/12.3.1/../../../../arm-none-eabi/lib/thumb/v7e-m+fp/hard\libc_nano.a(libc_a-init.o)
 .debug_frame   0x00002b68       0x28 D:/p-program/stm32cubeide/STM32CubeIDE_1.16.1/STM32CubeIDE/plugins/com.st.stm32cube.ide.mcu.externaltools.gnu-tools-for-stm32.12.3.rel1.win32_1.1.0.202410251130/tools/bin/../lib/gcc/arm-none-eabi/12.3.1/../../../../arm-none-eabi/lib/thumb/v7e-m+fp/hard\libc_nano.a(libc_a-memcpy-stub.o)
 .debug_frame   0x00002b90       0x2c D:/p-program/stm32cubeide/STM32CubeIDE_1.16.1/STM32CubeIDE/plugins/com.st.stm32cube.ide.mcu.externaltools.gnu-tools-for-stm32.12.3.rel1.win32_1.1.0.202410251130/tools/bin/../lib/gcc/arm-none-eabi/12.3.1/thumb/v7e-m+fp/hard\libgcc.a(_aeabi_uldivmod.o)
 .debug_frame   0x00002bbc       0x34 D:/p-program/stm32cubeide/STM32CubeIDE_1.16.1/STM32CubeIDE/plugins/com.st.stm32cube.ide.mcu.externaltools.gnu-tools-for-stm32.12.3.rel1.win32_1.1.0.202410251130/tools/bin/../lib/gcc/arm-none-eabi/12.3.1/thumb/v7e-m+fp/hard\libgcc.a(_udivmoddi4.o)

.debug_line_str
                0x00000000       0x52
 .debug_line_str
                0x00000000       0x52 ./Core/Startup/startup_stm32f407vetx.o
