../Core/Src/stm32f4xx_it.c:70:6:NMI_Handler	4	static
../Core/Src/stm32f4xx_it.c:83:6:HardFault_Handler	4	static
../Core/Src/stm32f4xx_it.c:96:6:MemManage_Handler	4	static
../Core/Src/stm32f4xx_it.c:109:6:BusFault_Handler	4	static
../Core/Src/stm32f4xx_it.c:122:6:UsageFault_Handler	4	static
../Core/Src/stm32f4xx_it.c:135:6:SVC_Handler	4	static
../Core/Src/stm32f4xx_it.c:147:6:DebugMon_Handler	4	static
../Core/Src/stm32f4xx_it.c:159:6:PendSV_Handler	4	static
../Core/Src/stm32f4xx_it.c:171:6:SysTick_Handler	8	static
../Core/Src/stm32f4xx_it.c:191:6:EXTI15_10_IRQHandler	8	static
../Core/Src/stm32f4xx_it.c:204:6:TIM5_IRQHandler	8	static
../Core/Src/stm32f4xx_it.c:217:6:TIM6_DAC_IRQHandler	8	static
