16:27:23 **** Incremental Build of configuration Debug for project 103c8t6_flash ****
make -j12 all 
arm-none-eabi-gcc "../Drivers/Flash/flash.c" -mcpu=cortex-m3 -std=gnu11 -g3 -DDEBUG -DUSE_HAL_DRIVER -DSTM32F103xB -c -I../Core/Inc -I../Drivers/STM32F1xx_HAL_Driver/Inc/Legacy -I../Drivers/STM32F1xx_HAL_Driver/Inc -I../Drivers/CMSIS/Device/ST/STM32F1xx/Include -I../Drivers/CMSIS/Include -I"D:/ws-stm32/103c8t6_flash/Drivers/Flash" -O0 -ffunction-sections -fdata-sections -Wall -fstack-usage -fcyclomatic-complexity -MMD -MP -MF"Drivers/Flash/flash.d" -MT"Drivers/Flash/flash.o" --specs=nano.specs -mfloat-abi=soft -mthumb -o "Drivers/Flash/flash.o"
arm-none-eabi-gcc -o "103c8t6_flash.elf" @"objects.list"   -mcpu=cortex-m3 -T"D:\ws-stm32\103c8t6_flash\STM32F103C8TX_FLASH.ld" --specs=nosys.specs -Wl,-Map="103c8t6_flash.map" -Wl,--gc-sections -static --specs=nano.specs -mfloat-abi=soft -mthumb -Wl,--start-group -lc -lm -Wl,--end-group
Finished building target: 103c8t6_flash.elf
 
arm-none-eabi-size  103c8t6_flash.elf 
arm-none-eabi-objdump -h -S 103c8t6_flash.elf  > "103c8t6_flash.list"
   text	   data	    bss	    dec	    hex	filename
   7156	     12	   1672	   8840	   2288	103c8t6_flash.elf
Finished building: default.size.stdout
 
Finished building: 103c8t6_flash.list
 

16:27:25 Build Finished. 0 errors, 0 warnings. (took 1s.248ms)

