17:13:14 **** Incremental Build of configuration Debug for project 103c8t6_tmc2208_hello ****
make -j12 all 
arm-none-eabi-gcc "../Core/Src/main.c" -mcpu=cortex-m3 -std=gnu11 -g3 -DDEBUG -DUSE_HAL_DRIVER -DSTM32F103xB -c -I../Core/Inc -I../Drivers/STM32F1xx_HAL_Driver/Inc/Legacy -I../Drivers/STM32F1xx_HAL_Driver/Inc -I../Drivers/CMSIS/Device/ST/STM32F1xx/Include -I../Drivers/CMSIS/Include -I"D:/ws-stm32/103c8t6_tmc2208_hello/Drivers/TMC2209" -O0 -ffunction-sections -fdata-sections -Wall -fstack-usage -fcyclomatic-complexity -MMD -MP -MF"Core/Src/main.d" -MT"Core/Src/main.o" --specs=nano.specs -mfloat-abi=soft -mthumb -o "Core/Src/main.o"
arm-none-eabi-gcc -o "103c8t6_tmc2208_hello.elf" @"objects.list"   -mcpu=cortex-m3 -T"D:\ws-stm32\103c8t6_tmc2208_hello\STM32F103C8TX_FLASH.ld" --specs=nosys.specs -Wl,-Map="103c8t6_tmc2208_hello.map" -Wl,--gc-sections -static --specs=nano.specs -mfloat-abi=soft -mthumb -Wl,--start-group -lc -lm -Wl,--end-group
Finished building target: 103c8t6_tmc2208_hello.elf
 
arm-none-eabi-size  103c8t6_tmc2208_hello.elf 
arm-none-eabi-objdump -h -S 103c8t6_tmc2208_hello.elf  > "103c8t6_tmc2208_hello.list"
   text	   data	    bss	    dec	    hex	filename
   9528	     12	   1716	  11256	   2bf8	103c8t6_tmc2208_hello.elf
Finished building: default.size.stdout
 
Finished building: 103c8t6_tmc2208_hello.list
 

17:13:15 Build Finished. 0 errors, 0 warnings. (took 1s.305ms)

