17:23:14 **** Incremental Build of configuration Debug for project 103c8t6_external_interrupt ****
make -j12 all 
arm-none-eabi-gcc "../Core/Src/main.c" -mcpu=cortex-m3 -std=gnu11 -g3 -DDEBUG -DUSE_HAL_DRIVER -DSTM32F103xB -c -I../Core/Inc -I../Drivers/STM32F1xx_HAL_Driver/Inc/Legacy -I../Drivers/STM32F1xx_HAL_Driver/Inc -I../Drivers/CMSIS/Device/ST/STM32F1xx/Include -I../Drivers/CMSIS/Include -O0 -ffunction-sections -fdata-sections -Wall -fstack-usage -fcyclomatic-complexity -MMD -MP -MF"Core/Src/main.d" -MT"Core/Src/main.o" --specs=nano.specs -mfloat-abi=soft -mthumb -o "Core/Src/main.o"
arm-none-eabi-gcc -o "103c8t6_external_interrupt.elf" @"objects.list"   -mcpu=cortex-m3 -T"D:\ws-stm32\103c8t6_external_interrupt\STM32F103C8TX_FLASH.ld" --specs=nosys.specs -Wl,-Map="103c8t6_external_interrupt.map" -Wl,--gc-sections -static --specs=nano.specs -mfloat-abi=soft -mthumb -Wl,--start-group -lc -lm -Wl,--end-group
Finished building target: 103c8t6_external_interrupt.elf
 
arm-none-eabi-size  103c8t6_external_interrupt.elf 
arm-none-eabi-objdump -h -S 103c8t6_external_interrupt.elf  > "103c8t6_external_interrupt.list"
   text	   data	    bss	    dec	    hex	filename
   4736	     12	   1572	   6320	   18b0	103c8t6_external_interrupt.elf
Finished building: default.size.stdout
 
Finished building: 103c8t6_external_interrupt.list
 

17:23:15 Build Finished. 0 errors, 0 warnings. (took 1s.336ms)

