10:32:08 **** Incremental Build of configuration Debug for project 407vet6_monster_pintest ****
make -j12 all 
arm-none-eabi-gcc -o "407vet6_monster_pintest.elf" @"objects.list"   -mcpu=cortex-m4 -T"D:\ws-stm32\407vet6_monster_pintest\STM32F407VETX_FLASH.ld" --specs=nosys.specs -Wl,-Map="407vet6_monster_pintest.map" -Wl,--gc-sections -static --specs=nano.specs -mfpu=fpv4-sp-d16 -mfloat-abi=hard -mthumb -Wl,--start-group -lc -lm -Wl,--end-group
Finished building target: 407vet6_monster_pintest.elf
 
arm-none-eabi-size  407vet6_monster_pintest.elf 
arm-none-eabi-objdump -h -S 407vet6_monster_pintest.elf  > "407vet6_monster_pintest.list"
   text	   data	    bss	    dec	    hex	filename
   5772	     12	   1572	   7356	   1cbc	407vet6_monster_pintest.elf
arm-none-eabi-objcopy  -O ihex 407vet6_monster_pintest.elf  "407vet6_monster_pintest.hex"
Finished building: default.size.stdout
 
Finished building: 407vet6_monster_pintest.list
 
Finished building: 407vet6_monster_pintest.hex
 

10:32:09 Build Finished. 0 errors, 0 warnings. (took 989ms)

