15:42:52 **** Incremental Build of configuration Debug for project 407vet6_monster_test ****
make -j12 all 
arm-none-eabi-gcc "../Core/Src/main.c" -mcpu=cortex-m4 -std=gnu11 -g3 -DDEBUG -DUSE_HAL_DRIVER -DSTM32F407xx -c -I../Core/Inc -I../Drivers/STM32F4xx_HAL_Driver/Inc -I../Drivers/STM32F4xx_HAL_Driver/Inc/Legacy -I../Drivers/CMSIS/Device/ST/STM32F4xx/Include -I../Drivers/CMSIS/Include -O0 -ffunction-sections -fdata-sections -Wall -fstack-usage -fcyclomatic-complexity -MMD -MP -MF"Core/Src/main.d" -MT"Core/Src/main.o" --specs=nano.specs -mfpu=fpv4-sp-d16 -mfloat-abi=hard -mthumb -o "Core/Src/main.o"
arm-none-eabi-gcc -o "407vet6_monster_test.elf" @"objects.list"   -mcpu=cortex-m4 -T"D:\ws-stm32\407vet6_monster_test\STM32F407VETX_FLASH.ld" --specs=nosys.specs -Wl,-Map="407vet6_monster_test.map" -Wl,--gc-sections -static --specs=nano.specs -mfpu=fpv4-sp-d16 -mfloat-abi=hard -mthumb -Wl,--start-group -lc -lm -Wl,--end-group
Finished building target: 407vet6_monster_test.elf
 
arm-none-eabi-size  407vet6_monster_test.elf 
arm-none-eabi-objdump -h -S 407vet6_monster_test.elf  > "407vet6_monster_test.list"
   text	   data	    bss	    dec	    hex	filename
   7504	     12	   1644	   9160	   23c8	407vet6_monster_test.elf
arm-none-eabi-objcopy  -O ihex 407vet6_monster_test.elf  "407vet6_monster_test.hex"
Finished building: default.size.stdout
 
Finished building: 407vet6_monster_test.hex
 
Finished building: 407vet6_monster_test.list
 

15:42:53 Build Finished. 0 errors, 0 warnings. (took 1s.737ms)

