19:00:19 **** Incremental Build of configuration Debug for project 407vet6_monster_6dof ****
make -j12 all 
arm-none-eabi-g++ -o "407vet6_monster_6dof.elf" @"objects.list"   -mcpu=cortex-m4 -T"D:\ws-stm32\407vet6_monster_6dof\STM32F407VETX_FLASH.ld" -Wl,-Map="407vet6_monster_6dof.map" -Wl,--gc-sections -static --specs=nano.specs -mfpu=fpv4-sp-d16 -mfloat-abi=hard -mthumb -Wl,--start-group -lc -lm -lstdc++ -lsupc++ -Wl,--end-group
Finished building target: 407vet6_monster_6dof.elf
 
arm-none-eabi-size  407vet6_monster_6dof.elf 
arm-none-eabi-objdump -h -S 407vet6_monster_6dof.elf  > "407vet6_monster_6dof.list"
   text	   data	    bss	    dec	    hex	filename
  13108	     12	   1924	  15044	   3ac4	407vet6_monster_6dof.elf
arm-none-eabi-objcopy  -O ihex 407vet6_monster_6dof.elf  "407vet6_monster_6dof.hex"
Finished building: default.size.stdout
 
Finished building: 407vet6_monster_6dof.hex
 
Finished building: 407vet6_monster_6dof.list
 

19:00:20 Build Finished. 0 errors, 0 warnings. (took 941ms)

