11:21:17 **** Build of configuration Debug for project 407vet6_monster_uart ****
make -j12 all 
arm-none-eabi-gcc "../Core/Src/main.c" -mcpu=cortex-m4 -std=gnu11 -g3 -DDEBUG -DUSE_HAL_DRIVER -DSTM32F407xx -c -I../Core/Inc -I../Drivers/STM32F4xx_HAL_Driver/Inc -I../Drivers/STM32F4xx_HAL_Driver/Inc/Legacy -I../Drivers/CMSIS/Device/ST/STM32F4xx/Include -I../Drivers/CMSIS/Include -I"D:/ws-stm32/407vet6_monster_uart/Drivers/TMC2209_SoftUart" -O0 -ffunction-sections -fdata-sections -Wall -fstack-usage -fcyclomatic-complexity -MMD -MP -MF"Core/Src/main.d" -MT"Core/Src/main.o" --specs=nano.specs -mfpu=fpv4-sp-d16 -mfloat-abi=hard -mthumb -o "Core/Src/main.o"
arm-none-eabi-gcc -o "407vet6_monster_uart.elf" @"objects.list"   -mcpu=cortex-m4 -T"D:\ws-stm32\407vet6_monster_uart\STM32F407VETX_FLASH.ld" --specs=nosys.specs -Wl,-Map="407vet6_monster_uart.map" -Wl,--gc-sections -static --specs=nano.specs -mfpu=fpv4-sp-d16 -mfloat-abi=hard -mthumb -Wl,--start-group -lc -lm -Wl,--end-group
Finished building target: 407vet6_monster_uart.elf
 
arm-none-eabi-size  407vet6_monster_uart.elf 
arm-none-eabi-objdump -h -S 407vet6_monster_uart.elf  > "407vet6_monster_uart.list"
   text	   data	    bss	    dec	    hex	filename
  11328	     12	   1772	  13112	   3338	407vet6_monster_uart.elf
arm-none-eabi-objcopy  -O ihex 407vet6_monster_uart.elf  "407vet6_monster_uart.hex"
Finished building: default.size.stdout
 
Finished building: 407vet6_monster_uart.hex
 
Finished building: 407vet6_monster_uart.list
 

11:21:19 Build Finished. 0 errors, 0 warnings. (took 1s.844ms)

