17:18:28 **** Incremental Build of configuration Debug for project dummybot_hello ****
make -j12 all 
arm-none-eabi-gcc "../Core/Src/main.c" -mcpu=cortex-m3 -std=gnu11 -g3 -DDEBUG -DUSE_HAL_DRIVER -DSTM32F103xB -c -I../Core/Inc -I../Drivers/STM32F1xx_HAL_Driver/Inc/Legacy -I../Drivers/STM32F1xx_HAL_Driver/Inc -I../Drivers/CMSIS/Device/ST/STM32F1xx/Include -I../Drivers/CMSIS/Include -O0 -ffunction-sections -fdata-sections -Wall -fstack-usage -fcyclomatic-complexity -MMD -MP -MF"Core/Src/main.d" -MT"Core/Src/main.o" --specs=nano.specs -mfloat-abi=soft -mthumb -o "Core/Src/main.o"
arm-none-eabi-gcc -o "dummybot_hello.elf" @"objects.list"   -mcpu=cortex-m3 -T"D:\s-stm32ws\dummybot_hello\STM32F103C8TX_FLASH.ld" --specs=nosys.specs -Wl,-Map="dummybot_hello.map" -Wl,--gc-sections -static --specs=nano.specs -mfloat-abi=soft -mthumb -Wl,--start-group -lc -lm -Wl,--end-group
Finished building target: dummybot_hello.elf
 
arm-none-eabi-size  dummybot_hello.elf 
arm-none-eabi-objdump -h -S dummybot_hello.elf  > "dummybot_hello.list"
   text	   data	    bss	    dec	    hex	filename
   7124	     12	   1644	   8780	   224c	dummybot_hello.elf
Finished building: default.size.stdout
 
Finished building: dummybot_hello.list
 

17:18:29 Build Finished. 0 errors, 0 warnings. (took 1s.122ms)

