19:00:19 **** Incremental Build of configuration Debug for project 407vet6_monster_6dof ****
make -j12 all 
arm-none-eabi-g++ -o "407vet6_monster_6dof.elf" @"objects.list"   -mcpu=cortex-m4 -T"D:\ws-stm32\407vet6_monster_6dof\STM32F407VETX_FLASH.ld" -Wl,-Map="407vet6_monster_6dof.map" -Wl,--gc-sections -static --specs=nano.specs -mfpu=fpv4-sp-d16 -mfloat-abi=hard -mthumb -Wl,--start-group -lc -lm -lstdc++ -lsupc++ -Wl,--end-group
Finished building target: 407vet6_monster_6dof.elf
 
arm-none-eabi-size  407vet6_monster_6dof.elf 
arm-none-eabi-objdump -h -S 407vet6_monster_6dof.elf  > "407vet6_monster_6dof.list"
   text	   data	    bss	    dec	    hex	filename
  13108	     12	   1924	  15044	   3ac4	407vet6_monster_6dof.elf
arm-none-eabi-objcopy  -O ihex 407vet6_monster_6dof.elf  "407vet6_monster_6dof.hex"
Finished building: default.size.stdout
 
Finished building: 407vet6_monster_6dof.hex
 
Finished building: 407vet6_monster_6dof.list
 
22:04:10 **** Build of configuration Debug for project 723zet6_manta_6dof ****
make -j12 all 
arm-none-eabi-gcc "../Drivers/STM32F7xx_HAL_Driver/Src/stm32f7xx_hal.c" -mcpu=cortex-m7 -std=gnu11 -g3 -DDEBUG -DUSE_HAL_DRIVER -DSTM32F723xx -c -I../Core/Inc -I../Drivers/STM32F7xx_HAL_Driver/Inc -I../Drivers/STM32F7xx_HAL_Driver/Inc/Legacy -I../Drivers/CMSIS/Device/ST/STM32F7xx/Include -I../Drivers/CMSIS/Include -O0 -ffunction-sections -fdata-sections -Wall -fstack-usage -fcyclomatic-complexity -MMD -MP -MF"Drivers/STM32F7xx_HAL_Driver/Src/stm32f7xx_hal.d" -MT"Drivers/STM32F7xx_HAL_Driver/Src/stm32f7xx_hal.o" --specs=nano.specs -mfpu=fpv5-sp-d16 -mfloat-abi=hard -mthumb -o "Drivers/STM32F7xx_HAL_Driver/Src/stm32f7xx_hal.o"
arm-none-eabi-gcc "../Drivers/STM32F7xx_HAL_Driver/Src/stm32f7xx_hal_cortex.c" -mcpu=cortex-m7 -std=gnu11 -g3 -DDEBUG -DUSE_HAL_DRIVER -DSTM32F723xx -c -I../Core/Inc -I../Drivers/STM32F7xx_HAL_Driver/Inc -I../Drivers/STM32F7xx_HAL_Driver/Inc/Legacy -I../Drivers/CMSIS/Device/ST/STM32F7xx/Include -I../Drivers/CMSIS/Include -O0 -ffunction-sections -fdata-sections -Wall -fstack-usage -fcyclomatic-complexity -MMD -MP -MF"Drivers/STM32F7xx_HAL_Driver/Src/stm32f7xx_hal_cortex.d" -MT"Drivers/STM32F7xx_HAL_Driver/Src/stm32f7xx_hal_cortex.o" --specs=nano.specs -mfpu=fpv5-sp-d16 -mfloat-abi=hard -mthumb -o "Drivers/STM32F7xx_HAL_Driver/Src/stm32f7xx_hal_cortex.o"
arm-none-eabi-gcc "../Drivers/STM32F7xx_HAL_Driver/Src/stm32f7xx_hal_dma.c" -mcpu=cortex-m7 -std=gnu11 -g3 -DDEBUG -DUSE_HAL_DRIVER -DSTM32F723xx -c -I../Core/Inc -I../Drivers/STM32F7xx_HAL_Driver/Inc -I../Drivers/STM32F7xx_HAL_Driver/Inc/Legacy -I../Drivers/CMSIS/Device/ST/STM32F7xx/Include -I../Drivers/CMSIS/Include -O0 -ffunction-sections -fdata-sections -Wall -fstack-usage -fcyclomatic-complexity -MMD -MP -MF"Drivers/STM32F7xx_HAL_Driver/Src/stm32f7xx_hal_dma.d" -MT"Drivers/STM32F7xx_HAL_Driver/Src/stm32f7xx_hal_dma.o" --specs=nano.specs -mfpu=fpv5-sp-d16 -mfloat-abi=hard -mthumb -o "Drivers/STM32F7xx_HAL_Driver/Src/stm32f7xx_hal_dma.o"
arm-none-eabi-gcc "../Drivers/STM32F7xx_HAL_Driver/Src/stm32f7xx_hal_dma_ex.c" -mcpu=cortex-m7 -std=gnu11 -g3 -DDEBUG -DUSE_HAL_DRIVER -DSTM32F723xx -c -I../Core/Inc -I../Drivers/STM32F7xx_HAL_Driver/Inc -I../Drivers/STM32F7xx_HAL_Driver/Inc/Legacy -I../Drivers/CMSIS/Device/ST/STM32F7xx/Include -I../Drivers/CMSIS/Include -O0 -ffunction-sections -fdata-sections -Wall -fstack-usage -fcyclomatic-complexity -MMD -MP -MF"Drivers/STM32F7xx_HAL_Driver/Src/stm32f7xx_hal_dma_ex.d" -MT"Drivers/STM32F7xx_HAL_Driver/Src/stm32f7xx_hal_dma_ex.o" --specs=nano.specs -mfpu=fpv5-sp-d16 -mfloat-abi=hard -mthumb -o "Drivers/STM32F7xx_HAL_Driver/Src/stm32f7xx_hal_dma_ex.o"
arm-none-eabi-gcc "../Drivers/STM32F7xx_HAL_Driver/Src/stm32f7xx_hal_exti.c" -mcpu=cortex-m7 -std=gnu11 -g3 -DDEBUG -DUSE_HAL_DRIVER -DSTM32F723xx -c -I../Core/Inc -I../Drivers/STM32F7xx_HAL_Driver/Inc -I../Drivers/STM32F7xx_HAL_Driver/Inc/Legacy -I../Drivers/CMSIS/Device/ST/STM32F7xx/Include -I../Drivers/CMSIS/Include -O0 -ffunction-sections -fdata-sections -Wall -fstack-usage -fcyclomatic-complexity -MMD -MP -MF"Drivers/STM32F7xx_HAL_Driver/Src/stm32f7xx_hal_exti.d" -MT"Drivers/STM32F7xx_HAL_Driver/Src/stm32f7xx_hal_exti.o" --specs=nano.specs -mfpu=fpv5-sp-d16 -mfloat-abi=hard -mthumb -o "Drivers/STM32F7xx_HAL_Driver/Src/stm32f7xx_hal_exti.o"
arm-none-eabi-gcc "../Drivers/STM32F7xx_HAL_Driver/Src/stm32f7xx_hal_flash.c" -mcpu=cortex-m7 -std=gnu11 -g3 -DDEBUG -DUSE_HAL_DRIVER -DSTM32F723xx -c -I../Core/Inc -I../Drivers/STM32F7xx_HAL_Driver/Inc -I../Drivers/STM32F7xx_HAL_Driver/Inc/Legacy -I../Drivers/CMSIS/Device/ST/STM32F7xx/Include -I../Drivers/CMSIS/Include -O0 -ffunction-sections -fdata-sections -Wall -fstack-usage -fcyclomatic-complexity -MMD -MP -MF"Drivers/STM32F7xx_HAL_Driver/Src/stm32f7xx_hal_flash.d" -MT"Drivers/STM32F7xx_HAL_Driver/Src/stm32f7xx_hal_flash.o" --specs=nano.specs -mfpu=fpv5-sp-d16 -mfloat-abi=hard -mthumb -o "Drivers/STM32F7xx_HAL_Driver/Src/stm32f7xx_hal_flash.o"
arm-none-eabi-gcc "../Drivers/STM32F7xx_HAL_Driver/Src/stm32f7xx_hal_flash_ex.c" -mcpu=cortex-m7 -std=gnu11 -g3 -DDEBUG -DUSE_HAL_DRIVER -DSTM32F723xx -c -I../Core/Inc -I../Drivers/STM32F7xx_HAL_Driver/Inc -I../Drivers/STM32F7xx_HAL_Driver/Inc/Legacy -I../Drivers/CMSIS/Device/ST/STM32F7xx/Include -I../Drivers/CMSIS/Include -O0 -ffunction-sections -fdata-sections -Wall -fstack-usage -fcyclomatic-complexity -MMD -MP -MF"Drivers/STM32F7xx_HAL_Driver/Src/stm32f7xx_hal_flash_ex.d" -MT"Drivers/STM32F7xx_HAL_Driver/Src/stm32f7xx_hal_flash_ex.o" --specs=nano.specs -mfpu=fpv5-sp-d16 -mfloat-abi=hard -mthumb -o "Drivers/STM32F7xx_HAL_Driver/Src/stm32f7xx_hal_flash_ex.o"
arm-none-eabi-gcc "../Drivers/STM32F7xx_HAL_Driver/Src/stm32f7xx_hal_gpio.c" -mcpu=cortex-m7 -std=gnu11 -g3 -DDEBUG -DUSE_HAL_DRIVER -DSTM32F723xx -c -I../Core/Inc -I../Drivers/STM32F7xx_HAL_Driver/Inc -I../Drivers/STM32F7xx_HAL_Driver/Inc/Legacy -I../Drivers/CMSIS/Device/ST/STM32F7xx/Include -I../Drivers/CMSIS/Include -O0 -ffunction-sections -fdata-sections -Wall -fstack-usage -fcyclomatic-complexity -MMD -MP -MF"Drivers/STM32F7xx_HAL_Driver/Src/stm32f7xx_hal_gpio.d" -MT"Drivers/STM32F7xx_HAL_Driver/Src/stm32f7xx_hal_gpio.o" --specs=nano.specs -mfpu=fpv5-sp-d16 -mfloat-abi=hard -mthumb -o "Drivers/STM32F7xx_HAL_Driver/Src/stm32f7xx_hal_gpio.o"
arm-none-eabi-gcc "../Drivers/STM32F7xx_HAL_Driver/Src/stm32f7xx_hal_i2c.c" -mcpu=cortex-m7 -std=gnu11 -g3 -DDEBUG -DUSE_HAL_DRIVER -DSTM32F723xx -c -I../Core/Inc -I../Drivers/STM32F7xx_HAL_Driver/Inc -I../Drivers/STM32F7xx_HAL_Driver/Inc/Legacy -I../Drivers/CMSIS/Device/ST/STM32F7xx/Include -I../Drivers/CMSIS/Include -O0 -ffunction-sections -fdata-sections -Wall -fstack-usage -fcyclomatic-complexity -MMD -MP -MF"Drivers/STM32F7xx_HAL_Driver/Src/stm32f7xx_hal_i2c.d" -MT"Drivers/STM32F7xx_HAL_Driver/Src/stm32f7xx_hal_i2c.o" --specs=nano.specs -mfpu=fpv5-sp-d16 -mfloat-abi=hard -mthumb -o "Drivers/STM32F7xx_HAL_Driver/Src/stm32f7xx_hal_i2c.o"
arm-none-eabi-gcc "../Drivers/STM32F7xx_HAL_Driver/Src/stm32f7xx_hal_i2c_ex.c" -mcpu=cortex-m7 -std=gnu11 -g3 -DDEBUG -DUSE_HAL_DRIVER -DSTM32F723xx -c -I../Core/Inc -I../Drivers/STM32F7xx_HAL_Driver/Inc -I../Drivers/STM32F7xx_HAL_Driver/Inc/Legacy -I../Drivers/CMSIS/Device/ST/STM32F7xx/Include -I../Drivers/CMSIS/Include -O0 -ffunction-sections -fdata-sections -Wall -fstack-usage -fcyclomatic-complexity -MMD -MP -MF"Drivers/STM32F7xx_HAL_Driver/Src/stm32f7xx_hal_i2c_ex.d" -MT"Drivers/STM32F7xx_HAL_Driver/Src/stm32f7xx_hal_i2c_ex.o" --specs=nano.specs -mfpu=fpv5-sp-d16 -mfloat-abi=hard -mthumb -o "Drivers/STM32F7xx_HAL_Driver/Src/stm32f7xx_hal_i2c_ex.o"
arm-none-eabi-gcc "../Drivers/STM32F7xx_HAL_Driver/Src/stm32f7xx_hal_pwr.c" -mcpu=cortex-m7 -std=gnu11 -g3 -DDEBUG -DUSE_HAL_DRIVER -DSTM32F723xx -c -I../Core/Inc -I../Drivers/STM32F7xx_HAL_Driver/Inc -I../Drivers/STM32F7xx_HAL_Driver/Inc/Legacy -I../Drivers/CMSIS/Device/ST/STM32F7xx/Include -I../Drivers/CMSIS/Include -O0 -ffunction-sections -fdata-sections -Wall -fstack-usage -fcyclomatic-complexity -MMD -MP -MF"Drivers/STM32F7xx_HAL_Driver/Src/stm32f7xx_hal_pwr.d" -MT"Drivers/STM32F7xx_HAL_Driver/Src/stm32f7xx_hal_pwr.o" --specs=nano.specs -mfpu=fpv5-sp-d16 -mfloat-abi=hard -mthumb -o "Drivers/STM32F7xx_HAL_Driver/Src/stm32f7xx_hal_pwr.o"
arm-none-eabi-gcc "../Drivers/STM32F7xx_HAL_Driver/Src/stm32f7xx_hal_pwr_ex.c" -mcpu=cortex-m7 -std=gnu11 -g3 -DDEBUG -DUSE_HAL_DRIVER -DSTM32F723xx -c -I../Core/Inc -I../Drivers/STM32F7xx_HAL_Driver/Inc -I../Drivers/STM32F7xx_HAL_Driver/Inc/Legacy -I../Drivers/CMSIS/Device/ST/STM32F7xx/Include -I../Drivers/CMSIS/Include -O0 -ffunction-sections -fdata-sections -Wall -fstack-usage -fcyclomatic-complexity -MMD -MP -MF"Drivers/STM32F7xx_HAL_Driver/Src/stm32f7xx_hal_pwr_ex.d" -MT"Drivers/STM32F7xx_HAL_Driver/Src/stm32f7xx_hal_pwr_ex.o" --specs=nano.specs -mfpu=fpv5-sp-d16 -mfloat-abi=hard -mthumb -o "Drivers/STM32F7xx_HAL_Driver/Src/stm32f7xx_hal_pwr_ex.o"
arm-none-eabi-gcc "../Drivers/STM32F7xx_HAL_Driver/Src/stm32f7xx_hal_rcc.c" -mcpu=cortex-m7 -std=gnu11 -g3 -DDEBUG -DUSE_HAL_DRIVER -DSTM32F723xx -c -I../Core/Inc -I../Drivers/STM32F7xx_HAL_Driver/Inc -I../Drivers/STM32F7xx_HAL_Driver/Inc/Legacy -I../Drivers/CMSIS/Device/ST/STM32F7xx/Include -I../Drivers/CMSIS/Include -O0 -ffunction-sections -fdata-sections -Wall -fstack-usage -fcyclomatic-complexity -MMD -MP -MF"Drivers/STM32F7xx_HAL_Driver/Src/stm32f7xx_hal_rcc.d" -MT"Drivers/STM32F7xx_HAL_Driver/Src/stm32f7xx_hal_rcc.o" --specs=nano.specs -mfpu=fpv5-sp-d16 -mfloat-abi=hard -mthumb -o "Drivers/STM32F7xx_HAL_Driver/Src/stm32f7xx_hal_rcc.o"
arm-none-eabi-gcc "../Drivers/STM32F7xx_HAL_Driver/Src/stm32f7xx_hal_rcc_ex.c" -mcpu=cortex-m7 -std=gnu11 -g3 -DDEBUG -DUSE_HAL_DRIVER -DSTM32F723xx -c -I../Core/Inc -I../Drivers/STM32F7xx_HAL_Driver/Inc -I../Drivers/STM32F7xx_HAL_Driver/Inc/Legacy -I../Drivers/CMSIS/Device/ST/STM32F7xx/Include -I../Drivers/CMSIS/Include -O0 -ffunction-sections -fdata-sections -Wall -fstack-usage -fcyclomatic-complexity -MMD -MP -MF"Drivers/STM32F7xx_HAL_Driver/Src/stm32f7xx_hal_rcc_ex.d" -MT"Drivers/STM32F7xx_HAL_Driver/Src/stm32f7xx_hal_rcc_ex.o" --specs=nano.specs -mfpu=fpv5-sp-d16 -mfloat-abi=hard -mthumb -o "Drivers/STM32F7xx_HAL_Driver/Src/stm32f7xx_hal_rcc_ex.o"
arm-none-eabi-gcc -mcpu=cortex-m7 -g3 -DDEBUG -c -x assembler-with-cpp -MMD -MP -MF"Core/Startup/startup_stm32f723zetx.d" -MT"Core/Startup/startup_stm32f723zetx.o" --specs=nano.specs -mfpu=fpv5-sp-d16 -mfloat-abi=hard -mthumb -o "Core/Startup/startup_stm32f723zetx.o" "../Core/Startup/startup_stm32f723zetx.s"
arm-none-eabi-gcc "../Core/Src/main.c" -mcpu=cortex-m7 -std=gnu11 -g3 -DDEBUG -DUSE_HAL_DRIVER -DSTM32F723xx -c -I../Core/Inc -I../Drivers/STM32F7xx_HAL_Driver/Inc -I../Drivers/STM32F7xx_HAL_Driver/Inc/Legacy -I../Drivers/CMSIS/Device/ST/STM32F7xx/Include -I../Drivers/CMSIS/Include -O0 -ffunction-sections -fdata-sections -Wall -fstack-usage -fcyclomatic-complexity -MMD -MP -MF"Core/Src/main.d" -MT"Core/Src/main.o" --specs=nano.specs -mfpu=fpv5-sp-d16 -mfloat-abi=hard -mthumb -o "Core/Src/main.o"
arm-none-eabi-gcc "../Core/Src/stm32f7xx_hal_msp.c" -mcpu=cortex-m7 -std=gnu11 -g3 -DDEBUG -DUSE_HAL_DRIVER -DSTM32F723xx -c -I../Core/Inc -I../Drivers/STM32F7xx_HAL_Driver/Inc -I../Drivers/STM32F7xx_HAL_Driver/Inc/Legacy -I../Drivers/CMSIS/Device/ST/STM32F7xx/Include -I../Drivers/CMSIS/Include -O0 -ffunction-sections -fdata-sections -Wall -fstack-usage -fcyclomatic-complexity -MMD -MP -MF"Core/Src/stm32f7xx_hal_msp.d" -MT"Core/Src/stm32f7xx_hal_msp.o" --specs=nano.specs -mfpu=fpv5-sp-d16 -mfloat-abi=hard -mthumb -o "Core/Src/stm32f7xx_hal_msp.o"
arm-none-eabi-gcc "../Core/Src/stm32f7xx_it.c" -mcpu=cortex-m7 -std=gnu11 -g3 -DDEBUG -DUSE_HAL_DRIVER -DSTM32F723xx -c -I../Core/Inc -I../Drivers/STM32F7xx_HAL_Driver/Inc -I../Drivers/STM32F7xx_HAL_Driver/Inc/Legacy -I../Drivers/CMSIS/Device/ST/STM32F7xx/Include -I../Drivers/CMSIS/Include -O0 -ffunction-sections -fdata-sections -Wall -fstack-usage -fcyclomatic-complexity -MMD -MP -MF"Core/Src/stm32f7xx_it.d" -MT"Core/Src/stm32f7xx_it.o" --specs=nano.specs -mfpu=fpv5-sp-d16 -mfloat-abi=hard -mthumb -o "Core/Src/stm32f7xx_it.o"
arm-none-eabi-gcc "../Core/Src/syscalls.c" -mcpu=cortex-m7 -std=gnu11 -g3 -DDEBUG -DUSE_HAL_DRIVER -DSTM32F723xx -c -I../Core/Inc -I../Drivers/STM32F7xx_HAL_Driver/Inc -I../Drivers/STM32F7xx_HAL_Driver/Inc/Legacy -I../Drivers/CMSIS/Device/ST/STM32F7xx/Include -I../Drivers/CMSIS/Include -O0 -ffunction-sections -fdata-sections -Wall -fstack-usage -fcyclomatic-complexity -MMD -MP -MF"Core/Src/syscalls.d" -MT"Core/Src/syscalls.o" --specs=nano.specs -mfpu=fpv5-sp-d16 -mfloat-abi=hard -mthumb -o "Core/Src/syscalls.o"
arm-none-eabi-gcc "../Core/Src/sysmem.c" -mcpu=cortex-m7 -std=gnu11 -g3 -DDEBUG -DUSE_HAL_DRIVER -DSTM32F723xx -c -I../Core/Inc -I../Drivers/STM32F7xx_HAL_Driver/Inc -I../Drivers/STM32F7xx_HAL_Driver/Inc/Legacy -I../Drivers/CMSIS/Device/ST/STM32F7xx/Include -I../Drivers/CMSIS/Include -O0 -ffunction-sections -fdata-sections -Wall -fstack-usage -fcyclomatic-complexity -MMD -MP -MF"Core/Src/sysmem.d" -MT"Core/Src/sysmem.o" --specs=nano.specs -mfpu=fpv5-sp-d16 -mfloat-abi=hard -mthumb -o "Core/Src/sysmem.o"
arm-none-eabi-gcc "../Core/Src/system_stm32f7xx.c" -mcpu=cortex-m7 -std=gnu11 -g3 -DDEBUG -DUSE_HAL_DRIVER -DSTM32F723xx -c -I../Core/Inc -I../Drivers/STM32F7xx_HAL_Driver/Inc -I../Drivers/STM32F7xx_HAL_Driver/Inc/Legacy -I../Drivers/CMSIS/Device/ST/STM32F7xx/Include -I../Drivers/CMSIS/Include -O0 -ffunction-sections -fdata-sections -Wall -fstack-usage -fcyclomatic-complexity -MMD -MP -MF"Core/Src/system_stm32f7xx.d" -MT"Core/Src/system_stm32f7xx.o" --specs=nano.specs -mfpu=fpv5-sp-d16 -mfloat-abi=hard -mthumb -o "Core/Src/system_stm32f7xx.o"
arm-none-eabi-gcc -o "723zet6_manta_6dof.elf" @"objects.list"   -mcpu=cortex-m7 -T"D:\ws-stm32\723zet6_manta_6dof\STM32F723ZETX_FLASH.ld" --specs=nosys.specs -Wl,-Map="723zet6_manta_6dof.map" -Wl,--gc-sections -static --specs=nano.specs -mfpu=fpv5-sp-d16 -mfloat-abi=hard -mthumb -Wl,--start-group -lc -lm -Wl,--end-group
Finished building target: 723zet6_manta_6dof.elf
 
arm-none-eabi-size  723zet6_manta_6dof.elf 
arm-none-eabi-objdump -h -S 723zet6_manta_6dof.elf  > "723zet6_manta_6dof.list"
   text	   data	    bss	    dec	    hex	filename
   6140	     12	   1572	   7724	   1e2c	723zet6_manta_6dof.elf
Finished building: default.size.stdout
 
Finished building: 723zet6_manta_6dof.list
 
22:04:42 **** Incremental Build of configuration Debug for project 723zet6_manta_6dof ****
make -j12 all 
arm-none-eabi-gcc "../Core/Src/main.c" -mcpu=cortex-m7 -std=gnu11 -g3 -DDEBUG -DUSE_HAL_DRIVER -DSTM32F723xx -c -I../Core/Inc -I../Drivers/STM32F7xx_HAL_Driver/Inc -I../Drivers/STM32F7xx_HAL_Driver/Inc/Legacy -I../Drivers/CMSIS/Device/ST/STM32F7xx/Include -I../Drivers/CMSIS/Include -O0 -ffunction-sections -fdata-sections -Wall -fstack-usage -fcyclomatic-complexity -MMD -MP -MF"Core/Src/main.d" -MT"Core/Src/main.o" --specs=nano.specs -mfpu=fpv5-sp-d16 -mfloat-abi=hard -mthumb -o "Core/Src/main.o"
arm-none-eabi-gcc -o "723zet6_manta_6dof.elf" @"objects.list"   -mcpu=cortex-m7 -T"D:\ws-stm32\723zet6_manta_6dof\STM32F723ZETX_FLASH.ld" --specs=nosys.specs -Wl,-Map="723zet6_manta_6dof.map" -Wl,--gc-sections -static --specs=nano.specs -mfpu=fpv5-sp-d16 -mfloat-abi=hard -mthumb -Wl,--start-group -lc -lm -Wl,--end-group
Finished building target: 723zet6_manta_6dof.elf
 
arm-none-eabi-size  723zet6_manta_6dof.elf 
arm-none-eabi-objdump -h -S 723zet6_manta_6dof.elf  > "723zet6_manta_6dof.list"
   text	   data	    bss	    dec	    hex	filename
   6252	     12	   1572	   7836	   1e9c	723zet6_manta_6dof.elf
Finished building: default.size.stdout
 
Finished building: 723zet6_manta_6dof.list
 
22:05:31 **** Incremental Build of configuration Debug for project 723zet6_manta_6dof ****
make -j12 all 
arm-none-eabi-size  723zet6_manta_6dof.elf 
   text	   data	    bss	    dec	    hex	filename
   6252	     12	   1572	   7836	   1e9c	723zet6_manta_6dof.elf
Finished building: default.size.stdout
 
