13:59:40 **** Incremental Build of configuration Debug for project sg90bot_hello_c8t6 ****
make -j12 all 
arm-none-eabi-gcc "../Core/Src/main.c" -mcpu=cortex-m3 -std=gnu11 -g3 -DDEBUG -DUSE_HAL_DRIVER -DSTM32F103xB -c -I../Core/Inc -I../Drivers/STM32F1xx_HAL_Driver/Inc/Legacy -I../Drivers/STM32F1xx_HAL_Driver/Inc -I../Drivers/CMSIS/Device/ST/STM32F1xx/Include -I../Drivers/CMSIS/Include -O0 -ffunction-sections -fdata-sections -Wall -fstack-usage -fcyclomatic-complexity -MMD -MP -MF"Core/Src/main.d" -MT"Core/Src/main.o" --specs=nano.specs -mfloat-abi=soft -mthumb -o "Core/Src/main.o"
arm-none-eabi-gcc -o "sg90bot_hello_c8t6.elf" @"objects.list"   -mcpu=cortex-m3 -T"D:\s-stm32ws\sg90bot_hello_c8t6\STM32F103C8TX_FLASH.ld" --specs=nosys.specs -Wl,-Map="sg90bot_hello_c8t6.map" -Wl,--gc-sections -static --specs=nano.specs -mfloat-abi=soft -mthumb -Wl,--start-group -lc -lm -Wl,--end-group
Finished building target: sg90bot_hello_c8t6.elf
 
arm-none-eabi-size  sg90bot_hello_c8t6.elf 
arm-none-eabi-objdump -h -S sg90bot_hello_c8t6.elf  > "sg90bot_hello_c8t6.list"
   text	   data	    bss	    dec	    hex	filename
   7108	     12	   1644	   8764	   223c	sg90bot_hello_c8t6.elf
Finished building: default.size.stdout
 
Finished building: sg90bot_hello_c8t6.list
 

13:59:43 Build Finished. 0 errors, 0 warnings. (took 2s.233ms)

